Archive member included to satisfy reference by file (symbol)

C:/ST/STM32CubeIDE_1.19.0/STM32CubeIDE/plugins/com.st.stm32cube.ide.mcu.externaltools.gnu-tools-for-stm32.13.3.rel1.win32_1.0.0.202411081344/tools/bin/../lib/gcc/arm-none-eabi/13.3.1/../../../../arm-none-eabi/lib/thumb/v7e-m+fp/hard\libc_nano.a(libc_a-exit.o)
                              C:/ST/STM32CubeIDE_1.19.0/STM32CubeIDE/plugins/com.st.stm32cube.ide.mcu.externaltools.gnu-tools-for-stm32.13.3.rel1.win32_1.0.0.202411081344/tools/bin/../lib/gcc/arm-none-eabi/13.3.1/../../../../arm-none-eabi/lib/thumb/v7e-m+fp/hard/crt0.o (exit)
C:/ST/STM32CubeIDE_1.19.0/STM32CubeIDE/plugins/com.st.stm32cube.ide.mcu.externaltools.gnu-tools-for-stm32.13.3.rel1.win32_1.0.0.202411081344/tools/bin/../lib/gcc/arm-none-eabi/13.3.1/../../../../arm-none-eabi/lib/thumb/v7e-m+fp/hard\libc_nano.a(libc_a-findfp.o)
                              C:/ST/STM32CubeIDE_1.19.0/STM32CubeIDE/plugins/com.st.stm32cube.ide.mcu.externaltools.gnu-tools-for-stm32.13.3.rel1.win32_1.0.0.202411081344/tools/bin/../lib/gcc/arm-none-eabi/13.3.1/../../../../arm-none-eabi/lib/thumb/v7e-m+fp/hard\libc_nano.a(libc_a-exit.o) (__stdio_exit_handler)
C:/ST/STM32CubeIDE_1.19.0/STM32CubeIDE/plugins/com.st.stm32cube.ide.mcu.externaltools.gnu-tools-for-stm32.13.3.rel1.win32_1.0.0.202411081344/tools/bin/../lib/gcc/arm-none-eabi/13.3.1/../../../../arm-none-eabi/lib/thumb/v7e-m+fp/hard\libc_nano.a(libc_a-fwalk.o)
                              C:/ST/STM32CubeIDE_1.19.0/STM32CubeIDE/plugins/com.st.stm32cube.ide.mcu.externaltools.gnu-tools-for-stm32.13.3.rel1.win32_1.0.0.202411081344/tools/bin/../lib/gcc/arm-none-eabi/13.3.1/../../../../arm-none-eabi/lib/thumb/v7e-m+fp/hard\libc_nano.a(libc_a-findfp.o) (_fwalk_sglue)
C:/ST/STM32CubeIDE_1.19.0/STM32CubeIDE/plugins/com.st.stm32cube.ide.mcu.externaltools.gnu-tools-for-stm32.13.3.rel1.win32_1.0.0.202411081344/tools/bin/../lib/gcc/arm-none-eabi/13.3.1/../../../../arm-none-eabi/lib/thumb/v7e-m+fp/hard\libc_nano.a(libc_a-snprintf.o)
                              ./libraries/floppy_emu/storage/fixed_image.o (snprintf)
C:/ST/STM32CubeIDE_1.19.0/STM32CubeIDE/plugins/com.st.stm32cube.ide.mcu.externaltools.gnu-tools-for-stm32.13.3.rel1.win32_1.0.0.202411081344/tools/bin/../lib/gcc/arm-none-eabi/13.3.1/../../../../arm-none-eabi/lib/thumb/v7e-m+fp/hard\libc_nano.a(libc_a-stdio.o)
                              C:/ST/STM32CubeIDE_1.19.0/STM32CubeIDE/plugins/com.st.stm32cube.ide.mcu.externaltools.gnu-tools-for-stm32.13.3.rel1.win32_1.0.0.202411081344/tools/bin/../lib/gcc/arm-none-eabi/13.3.1/../../../../arm-none-eabi/lib/thumb/v7e-m+fp/hard\libc_nano.a(libc_a-findfp.o) (__sread)
C:/ST/STM32CubeIDE_1.19.0/STM32CubeIDE/plugins/com.st.stm32cube.ide.mcu.externaltools.gnu-tools-for-stm32.13.3.rel1.win32_1.0.0.202411081344/tools/bin/../lib/gcc/arm-none-eabi/13.3.1/../../../../arm-none-eabi/lib/thumb/v7e-m+fp/hard\libc_nano.a(libc_a-vsnprintf.o)
                              ./libraries/debug_log/debug_log.o (vsnprintf)
C:/ST/STM32CubeIDE_1.19.0/STM32CubeIDE/plugins/com.st.stm32cube.ide.mcu.externaltools.gnu-tools-for-stm32.13.3.rel1.win32_1.0.0.202411081344/tools/bin/../lib/gcc/arm-none-eabi/13.3.1/../../../../arm-none-eabi/lib/thumb/v7e-m+fp/hard\libc_nano.a(libc_a-memset.o)
                              C:/ST/STM32CubeIDE_1.19.0/STM32CubeIDE/plugins/com.st.stm32cube.ide.mcu.externaltools.gnu-tools-for-stm32.13.3.rel1.win32_1.0.0.202411081344/tools/bin/../lib/gcc/arm-none-eabi/13.3.1/../../../../arm-none-eabi/lib/thumb/v7e-m+fp/hard/crt0.o (memset)
C:/ST/STM32CubeIDE_1.19.0/STM32CubeIDE/plugins/com.st.stm32cube.ide.mcu.externaltools.gnu-tools-for-stm32.13.3.rel1.win32_1.0.0.202411081344/tools/bin/../lib/gcc/arm-none-eabi/13.3.1/../../../../arm-none-eabi/lib/thumb/v7e-m+fp/hard\libc_nano.a(libc_a-closer.o)
                              C:/ST/STM32CubeIDE_1.19.0/STM32CubeIDE/plugins/com.st.stm32cube.ide.mcu.externaltools.gnu-tools-for-stm32.13.3.rel1.win32_1.0.0.202411081344/tools/bin/../lib/gcc/arm-none-eabi/13.3.1/../../../../arm-none-eabi/lib/thumb/v7e-m+fp/hard\libc_nano.a(libc_a-stdio.o) (_close_r)
C:/ST/STM32CubeIDE_1.19.0/STM32CubeIDE/plugins/com.st.stm32cube.ide.mcu.externaltools.gnu-tools-for-stm32.13.3.rel1.win32_1.0.0.202411081344/tools/bin/../lib/gcc/arm-none-eabi/13.3.1/../../../../arm-none-eabi/lib/thumb/v7e-m+fp/hard\libc_nano.a(libc_a-reent.o)
                              C:/ST/STM32CubeIDE_1.19.0/STM32CubeIDE/plugins/com.st.stm32cube.ide.mcu.externaltools.gnu-tools-for-stm32.13.3.rel1.win32_1.0.0.202411081344/tools/bin/../lib/gcc/arm-none-eabi/13.3.1/../../../../arm-none-eabi/lib/thumb/v7e-m+fp/hard\libc_nano.a(libc_a-closer.o) (errno)
C:/ST/STM32CubeIDE_1.19.0/STM32CubeIDE/plugins/com.st.stm32cube.ide.mcu.externaltools.gnu-tools-for-stm32.13.3.rel1.win32_1.0.0.202411081344/tools/bin/../lib/gcc/arm-none-eabi/13.3.1/../../../../arm-none-eabi/lib/thumb/v7e-m+fp/hard\libc_nano.a(libc_a-impure.o)
[...]
Memory Configuration

Name             Origin             Length             Attributes
RAM              0x20000000         0x00020000         xrw
FLASH            0x08000000         0x00040000         xr
*default*        0x00000000         0xffffffff

Linker script and memory map

LOAD C:/ST/STM32CubeIDE_1.19.0/STM32CubeIDE/plugins/com.st.stm32cube.ide.mcu.externaltools.gnu-tools-for-stm32.13.3.rel1.win32_1.0.0.202411081344/tools/bin/../lib/gcc/arm-none-eabi/13.3.1/thumb/v7e-m+fp/hard/crti.o
LOAD C:/ST/STM32CubeIDE_1.19.0/STM32CubeIDE/plugins/com.st.stm32cube.ide.mcu.externaltools.gnu-tools-for-stm32.13.3.rel1.win32_1.0.0.202411081344/tools/bin/../lib/gcc/arm-none-eabi/13.3.1/thumb/v7e-m+fp/hard/crtbegin.o
LOAD C:/ST/STM32CubeIDE_1.19.0/STM32CubeIDE/plugins/com.st.stm32cube.ide.mcu.externaltools.gnu-tools-for-stm32.13.3.rel1.win32_1.0.0.202411081344/tools/bin/../lib/gcc/arm-none-eabi/13.3.1/../../../../arm-none-eabi/lib/thumb/v7e-m+fp/hard/crt0.o
LOAD ./Core/Src/main.o
LOAD ./Core/Src/stm32f4xx_hal_msp.o
LOAD ./Core/Src/stm32f4xx_it.o
LOAD ./Core/Src/syscalls.o
LOAD ./Core/Src/sysmem.o
LOAD ./Core/Src/system_stm32f4xx.o
LOAD ./Core/Startup/startup_stm32f411rctx.o
LOAD ./Drivers/STM32F4xx_HAL_Driver/Src/stm32f4xx_hal.o
LOAD ./Drivers/STM32F4xx_HAL_Driver/Src/stm32f4xx_hal_cortex.o
LOAD ./Drivers/STM32F4xx_HAL_Driver/Src/stm32f4xx_hal_dma.o
LOAD ./Drivers/STM32F4xx_HAL_Driver/Src/stm32f4xx_hal_dma_ex.o
LOAD ./Drivers/STM32F4xx_HAL_Driver/Src/stm32f4xx_hal_exti.o
LOAD ./Drivers/STM32F4xx_HAL_Driver/Src/stm32f4xx_hal_flash.o
LOAD ./Drivers/STM32F4xx_HAL_Driver/Src/stm32f4xx_hal_flash_ex.o
LOAD ./Drivers/STM32F4xx_HAL_Driver/Src/stm32f4xx_hal_flash_ramfunc.o
LOAD ./Drivers/STM32F4xx_HAL_Driver/Src/stm32f4xx_hal_gpio.o
LOAD ./Drivers/STM32F4xx_HAL_Driver/Src/stm32f4xx_hal_pcd.o
LOAD ./Drivers/STM32F4xx_HAL_Driver/Src/stm32f4xx_hal_pcd_ex.o
LOAD ./Drivers/STM32F4xx_HAL_Driver/Src/stm32f4xx_hal_pwr.o
LOAD ./Drivers/STM32F4xx_HAL_Driver/Src/stm32f4xx_hal_pwr_ex.o
LOAD ./Drivers/STM32F4xx_HAL_Driver/Src/stm32f4xx_hal_rcc.o
LOAD ./Drivers/STM32F4xx_HAL_Driver/Src/stm32f4xx_hal_rcc_ex.o
LOAD ./Drivers/STM32F4xx_HAL_Driver/Src/stm32f4xx_hal_spi.o
LOAD ./Drivers/STM32F4xx_HAL_Driver/Src/stm32f4xx_hal_tim.o
LOAD ./Drivers/STM32F4xx_HAL_Driver/Src/stm32f4xx_hal_tim_ex.o
LOAD ./Drivers/STM32F4xx_HAL_Driver/Src/stm32f4xx_ll_usb.o
LOAD ./FATFS/App/fatfs.o
LOAD ./FATFS/Target/user_diskio.o
LOAD ./Middlewares/ST/STM32_USB_Device_Library/Class/CDC/Src/usbd_cdc.o
LOAD ./Middlewares/ST/STM32_USB_Device_Library/Core/Src/usbd_core.o
LOAD ./Middlewares/ST/STM32_USB_Device_Library/Core/Src/usbd_ctlreq.o
LOAD ./Middlewares/ST/STM32_USB_Device_Library/Core/Src/usbd_ioreq.o
LOAD ./Middlewares/Third_Party/FatFs/src/diskio.o
LOAD ./Middlewares/Third_Party/FatFs/src/ff.o
LOAD ./Middlewares/Third_Party/FatFs/src/ff_gen_drv.o
LOAD ./Middlewares/Third_Party/FatFs/src/option/ccsbcs.o
LOAD ./Middlewares/Third_Party/FatFs/src/option/syscall.o
LOAD ./USB_DEVICE/App/usb_device.o
LOAD ./USB_DEVICE/App/usbd_cdc_if.o
LOAD ./USB_DEVICE/App/usbd_desc.o
LOAD ./USB_DEVICE/Target/usbd_conf.o
LOAD ./libraries/board_gpio/board_gpio.o
LOAD ./libraries/debug_log/debug_log.o
LOAD ./libraries/floppy_emu/core/floppy_drive.o
LOAD ./libraries/floppy_emu/floppy_crc.o
LOAD ./libraries/floppy_emu/floppy_emu.o
LOAD ./libraries/floppy_emu/floppy_mfm.o
LOAD ./libraries/floppy_emu/iface/toshiba_fdd_iface.o
LOAD ./libraries/floppy_emu/storage/fixed_image.o
LOAD ./libraries/sd_card/sd_card.o
LOAD ./libraries/sd_card/sd_spi.o
LOAD ./libraries/utils/utils.o
START GROUP
LOAD C:/ST/STM32CubeIDE_1.19.0/STM32CubeIDE/plugins/com.st.stm32cube.ide.mcu.externaltools.gnu-tools-for-stm32.13.3.rel1.win32_1.0.0.202411081344/tools/bin/../lib/gcc/arm-none-eabi/13.3.1/../../../../arm-none-eabi/lib/thumb/v7e-m+fp/hard\libc_nano.a
LOAD C:/ST/STM32CubeIDE_1.19.0/STM32CubeIDE/plugins/com.st.stm32cube.ide.mcu.externaltools.gnu-tools-for-stm32.13.3.rel1.win32_1.0.0.202411081344/tools/bin/../lib/gcc/arm-none-eabi/13.3.1/../../../../arm-none-eabi/lib/thumb/v7e-m+fp/hard\libm.a
END GROUP
START GROUP
LOAD C:/ST/STM32CubeIDE_1.19.0/STM32CubeIDE/plugins/com.st.stm32cube.ide.mcu.externaltools.gnu-tools-for-stm32.13.3.rel1.win32_1.0.0.202411081344/tools/bin/../lib/gcc/arm-none-eabi/13.3.1/thumb/v7e-m+fp/hard\libgcc.a
LOAD C:/ST/STM32CubeIDE_1.19.0/STM32CubeIDE/plugins/com.st.stm32cube.ide.mcu.externaltools.gnu-tools-for-stm32.13.3.rel1.win32_1.0.0.202411081344/tools/bin/../lib/gcc/arm-none-eabi/13.3.1/../../../../arm-none-eabi/lib/thumb/v7e-m+fp/hard\libc_nano.a
END GROUP
START GROUP
LOAD C:/ST/STM32CubeIDE_1.19.0/STM32CubeIDE/plugins/com.st.stm32cube.ide.mcu.externaltools.gnu-tools-for-stm32.13.3.rel1.win32_1.0.0.202411081344/tools/bin/../lib/gcc/arm-none-eabi/13.3.1/thumb/v7e-m+fp/hard\libgcc.a
LOAD C:/ST/STM32CubeIDE_1.19.0/STM32CubeIDE/plugins/com.st.stm32cube.ide.mcu.externaltools.gnu-tools-for-stm32.13.3.rel1.win32_1.0.0.202411081344/tools/bin/../lib/gcc/arm-none-eabi/13.3.1/../../../../arm-none-eabi/lib/thumb/v7e-m+fp/hard\libc_nano.a
LOAD C:/ST/STM32CubeIDE_1.19.0/STM32CubeIDE/plugins/com.st.stm32cube.ide.mcu.externaltools.gnu-tools-for-stm32.13.3.rel1.win32_1.0.0.202411081344/tools/bin/../lib/gcc/arm-none-eabi/13.3.1/../../../../arm-none-eabi/lib/thumb/v7e-m+fp/hard\libnosys.a
END GROUP
START GROUP
LOAD C:/ST/STM32CubeIDE_1.19.0/STM32CubeIDE/plugins/com.st.stm32cube.ide.mcu.externaltools.gnu-tools-for-stm32.13.3.rel1.win32_1.0.0.202411081344/tools/bin/../lib/gcc/arm-none-eabi/13.3.1/thumb/v7e-m+fp/hard\libgcc.a
LOAD C:/ST/STM32CubeIDE_1.19.0/STM32CubeIDE/plugins/com.st.stm32cube.ide.mcu.externaltools.gnu-tools-for-stm32.13.3.rel1.win32_1.0.0.202411081344/tools/bin/../lib/gcc/arm-none-eabi/13.3.1/../../../../arm-none-eabi/lib/thumb/v7e-m+fp/hard\libc_nano.a
LOAD C:/ST/STM32CubeIDE_1.19.0/STM32CubeIDE/plugins/com.st.stm32cube.ide.mcu.externaltools.gnu-tools-for-stm32.13.3.rel1.win32_1.0.0.202411081344/tools/bin/../lib/gcc/arm-none-eabi/13.3.1/../../../../arm-none-eabi/lib/thumb/v7e-m+fp/hard\libnosys.a
END GROUP
LOAD C:/ST/STM32CubeIDE_1.19.0/STM32CubeIDE/plugins/com.st.stm32cube.ide.mcu.externaltools.gnu-tools-for-stm32.13.3.rel1.win32_1.0.0.202411081344/tools/bin/../lib/gcc/arm-none-eabi/13.3.1/thumb/v7e-m+fp/hard/crtend.o
LOAD C:/ST/STM32CubeIDE_1.19.0/STM32CubeIDE/plugins/com.st.stm32cube.ide.mcu.externaltools.gnu-tools-for-stm32.13.3.rel1.win32_1.0.0.202411081344/tools/bin/../lib/gcc/arm-none-eabi/13.3.1/thumb/v7e-m+fp/hard/crtn.o
                0x20020000                        _estack = (ORIGIN (RAM) + LENGTH (RAM))
                0x00000200                        _Min_Heap_Size = 0x200
                0x00000400                        _Min_Stack_Size = 0x400

.isr_vector     0x08000000      0x198
                0x08000000                        . = ALIGN (0x4)
 *(.isr_vector)
 .isr_vector    0x08000000      0x198 ./Core/Startup/startup_stm32f411rctx.o
                0x08000000                g_pfnVectors
                0x08000198                        . = ALIGN (0x4)

.text           0x080001a0     0xdf00
                0x080001a0                        . = ALIGN (0x4)
 *(.text)
 .text          0x080001a0       0x40 C:/ST/STM32CubeIDE_1.19.0/STM32CubeIDE/plugins/com.st.stm32cube.ide.mcu.externaltools.gnu-tools-for-stm32.13.3.rel1.win32_1.0.0.202411081344/tools/bin/../lib/gcc/arm-none-eabi/13.3.1/thumb/v7e-m+fp/hard/crtbegin.o
 .text          0x080001e0       0x10 C:/ST/STM32CubeIDE_1.19.0/STM32CubeIDE/plugins/com.st.stm32cube.ide.mcu.externaltools.gnu-tools-for-stm32.13.3.rel1.win32_1.0.0.202411081344/tools/bin/../lib/gcc/arm-none-eabi/13.3.1/../../../../arm-none-eabi/lib/thumb/v7e-m+fp/hard\libc_nano.a(libc_a-strlen.o)
                0x080001e0                strlen
 .text          0x080001f0       0xa0 C:/ST/STM32CubeIDE_1.19.0/STM32CubeIDE/plugins/com.st.stm32cube.ide.mcu.externaltools.gnu-tools-for-stm32.13.3.rel1.win32_1.0.0.202411081344/tools/bin/../lib/gcc/arm-none-eabi/13.3.1/../../../../arm-none-eabi/lib/thumb/v7e-m+fp/hard\libc_nano.a(libc_a-memchr.o)
                0x080001f0                memchr
 .text          0x08000290       0x30 C:/ST/STM32CubeIDE_1.19.0/STM32CubeIDE/plugins/com.st.stm32cube.ide.mcu.externaltools.gnu-tools-for-stm32.13.3.rel1.win32_1.0.0.202411081344/tools/bin/../lib/gcc/arm-none-eabi/13.3.1/thumb/v7e-m+fp/hard\libgcc.a(_aeabi_uldivmod.o)
                0x08000290                __aeabi_uldivmod
 .text          0x080002c0      0x2f8 C:/ST/STM32CubeIDE_1.19.0/STM32CubeIDE/plugins/com.st.stm32cube.ide.mcu.externaltools.gnu-tools-for-stm32.13.3.rel1.win32_1.0.0.202411081344/tools/bin/../lib/gcc/arm-none-eabi/13.3.1/thumb/v7e-m+fp/hard\libgcc.a(_udivmoddi4.o)
                0x080002c0                __udivmoddi4
 .text          0x080005b8        0x4 C:/ST/STM32CubeIDE_1.19.0/STM32CubeIDE/plugins/com.st.stm32cube.ide.mcu.externaltools.gnu-tools-for-stm32.13.3.rel1.win32_1.0.0.202411081344/tools/bin/../lib/gcc/arm-none-eabi/13.3.1/thumb/v7e-m+fp/hard\libgcc.a(_dvmd_tls.o)
                0x080005b8                __aeabi_idiv0
                0x080005b8                __aeabi_ldiv0
 *(.text*)
 .text.app_log_drive_state
                0x080005bc       0x4c ./Core/Src/main.o
 .text.app_write_drive_outputs_provisional
                0x08000608       0x48 ./Core/Src/main.o
 .text.app_service_logical_iface
                0x08000650      0x114 ./Core/Src/main.o
 .text.app_log_boot_sector
                0x08000764       0xb0 ./Core/Src/main.o
 .text.app_log_fixed_image
                0x08000814       0x74 ./Core/Src/main.o
 .text.app_init
                0x08000888       0xf8 ./Core/Src/main.o
 .text.app_service
                0x08000980       0x2c ./Core/Src/main.o
 .text.main     0x080009ac       0x2a ./Core/Src/main.o
                0x080009ac                main
 *fill*         0x080009d6        0x2 
 .text.SystemClock_Config
                0x080009d8       0xd0 ./Core/Src/main.o
                0x080009d8                SystemClock_Config
 .text.MX_SPI1_Init
                0x08000aa8       0x6c ./Core/Src/main.o
 .text.MX_TIM2_Init
                0x08000b14       0x98 ./Core/Src/main.o
 .text.MX_GPIO_Init
                0x08000bac       0xcc ./Core/Src/main.o
 .text.Error_Handler
                0x08000c78        0xc ./Core/Src/main.o
                0x08000c78                Error_Handler
 .text.HAL_MspInit
                0x08000c84       0x50 ./Core/Src/stm32f4xx_hal_msp.o
                0x08000c84                HAL_MspInit
 .text.HAL_SPI_MspInit
                0x08000cd4       0xb0 ./Core/Src/stm32f4xx_hal_msp.o
                0x08000cd4                HAL_SPI_MspInit
 .text.HAL_TIM_Base_MspInit
                0x08000d84       0x40 ./Core/Src/stm32f4xx_hal_msp.o
                0x08000d84                HAL_TIM_Base_MspInit
 .text.NMI_Handler
                0x08000dc4        0x8 ./Core/Src/stm32f4xx_it.o
                0x08000dc4                NMI_Handler
 .text.HardFault_Handler
                0x08000dcc        0x8 ./Core/Src/stm32f4xx_it.o
                0x08000dcc                HardFault_Handler
 .text.MemManage_Handler
                0x08000dd4        0x8 ./Core/Src/stm32f4xx_it.o
                0x08000dd4                MemManage_Handler
 .text.BusFault_Handler
                0x08000ddc        0x8 ./Core/Src/stm32f4xx_it.o
                0x08000ddc                BusFault_Handler
 .text.UsageFault_Handler
                0x08000de4        0x8 ./Core/Src/stm32f4xx_it.o
                0x08000de4                UsageFault_Handler
 .text.SVC_Handler
                0x08000dec        0xe ./Core/Src/stm32f4xx_it.o
                0x08000dec                SVC_Handler
 .text.DebugMon_Handler
                0x08000dfa        0xe ./Core/Src/stm32f4xx_it.o
                0x08000dfa                DebugMon_Handler
 .text.PendSV_Handler
                0x08000e08        0xe ./Core/Src/stm32f4xx_it.o
                0x08000e08                PendSV_Handler
 .text.SysTick_Handler
                0x08000e16        0xc ./Core/Src/stm32f4xx_it.o
                0x08000e16                SysTick_Handler
 *fill*         0x08000e22        0x2 
 .text.OTG_FS_IRQHandler
                0x08000e24       0x14 ./Core/Src/stm32f4xx_it.o
                0x08000e24                OTG_FS_IRQHandler
 .text._sbrk    0x08000e38       0x6c ./Core/Src/sysmem.o
                0x08000e38                _sbrk
 .text.SystemInit
                0x08000ea4       0x24 ./Core/Src/system_stm32f4xx.o
                0x08000ea4                SystemInit
 .text.Reset_Handler
                0x08000ec8       0x50 ./Core/Startup/startup_stm32f411rctx.o
                0x08000ec8                Reset_Handler
 .text.Default_Handler
                0x08000f18        0x2 ./Core/Startup/startup_stm32f411rctx.o
                0x08000f18                RTC_Alarm_IRQHandler
                0x08000f18                EXTI2_IRQHandler
                0x08000f18                SPI4_IRQHandler
                0x08000f18                TIM1_CC_IRQHandler
                0x08000f18                DMA2_Stream5_IRQHandler
                0x08000f18                DMA1_Stream5_IRQHandler
                0x08000f18                PVD_IRQHandler
                0x08000f18                SDIO_IRQHandler
                0x08000f18                TAMP_STAMP_IRQHandler
                0x08000f18                EXTI3_IRQHandler
                0x08000f18                TIM1_UP_TIM10_IRQHandler
                0x08000f18                I2C3_ER_IRQHandler
                0x08000f18                EXTI0_IRQHandler
                0x08000f18                I2C2_EV_IRQHandler
                0x08000f18                DMA1_Stream2_IRQHandler
                0x08000f18                FPU_IRQHandler
                0x08000f18                DMA2_Stream2_IRQHandler
                0x08000f18                SPI1_IRQHandler
                0x08000f18                TIM1_BRK_TIM9_IRQHandler
                0x08000f18                DMA2_Stream3_IRQHandler
                0x08000f18                USART6_IRQHandler
                0x08000f18                DMA2_Stream0_IRQHandler
                0x08000f18                TIM4_IRQHandler
                0x08000f18                I2C1_EV_IRQHandler
                0x08000f18                DMA1_Stream6_IRQHandler
                0x08000f18                DMA1_Stream1_IRQHandler
                0x08000f18                TIM3_IRQHandler
                0x08000f18                RCC_IRQHandler
                0x08000f18                Default_Handler
                0x08000f18                EXTI15_10_IRQHandler
                0x08000f18                ADC_IRQHandler
                0x08000f18                DMA1_Stream7_IRQHandler
                0x08000f18                SPI5_IRQHandler
                0x08000f18                TIM5_IRQHandler
                0x08000f18                DMA2_Stream7_IRQHandler
                0x08000f18                I2C3_EV_IRQHandler
                0x08000f18                EXTI9_5_IRQHandler
                0x08000f18                RTC_WKUP_IRQHandler
                0x08000f18                SPI2_IRQHandler
                0x08000f18                DMA1_Stream0_IRQHandler
                0x08000f18                EXTI4_IRQHandler
                0x08000f18                WWDG_IRQHandler
                0x08000f18                TIM2_IRQHandler
                0x08000f18                OTG_FS_WKUP_IRQHandler
                0x08000f18                TIM1_TRG_COM_TIM11_IRQHandler
                0x08000f18                EXTI1_IRQHandler
                0x08000f18                USART2_IRQHandler
                0x08000f18                I2C2_ER_IRQHandler
                0x08000f18                DMA2_Stream1_IRQHandler
                0x08000f18                FLASH_IRQHandler
                0x08000f18                DMA2_Stream4_IRQHandler
                0x08000f18                USART1_IRQHandler
                0x08000f18                SPI3_IRQHandler
                0x08000f18                DMA1_Stream4_IRQHandler
                0x08000f18                I2C1_ER_IRQHandler
                0x08000f18                DMA2_Stream6_IRQHandler
                0x08000f18                DMA1_Stream3_IRQHandler
 *fill*         0x08000f1a        0x2 
 .text.HAL_Init
                0x08000f1c       0x44 ./Drivers/STM32F4xx_HAL_Driver/Src/stm32f4xx_hal.o
                0x08000f1c                HAL_Init
 .text.HAL_InitTick
                0x08000f60       0x60 ./Drivers/STM32F4xx_HAL_Driver/Src/stm32f4xx_hal.o
                0x08000f60                HAL_InitTick
 .text.HAL_IncTick
                0x08000fc0       0x28 ./Drivers/STM32F4xx_HAL_Driver/Src/stm32f4xx_hal.o
                0x08000fc0                HAL_IncTick
 .text.HAL_GetTick
                0x08000fe8       0x18 ./Drivers/STM32F4xx_HAL_Driver/Src/stm32f4xx_hal.o
                0x08000fe8                HAL_GetTick
 .text.HAL_Delay
                0x08001000       0x48 ./Drivers/STM32F4xx_HAL_Driver/Src/stm32f4xx_hal.o
                0x08001000                HAL_Delay
 .text.__NVIC_SetPriorityGrouping
                0x08001048       0x48 ./Drivers/STM32F4xx_HAL_Driver/Src/stm32f4xx_hal_cortex.o
 .text.__NVIC_GetPriorityGrouping
                0x08001090       0x1c ./Drivers/STM32F4xx_HAL_Driver/Src/stm32f4xx_hal_cortex.o
 .text.__NVIC_EnableIRQ
                0x080010ac       0x3c ./Drivers/STM32F4xx_HAL_Driver/Src/stm32f4xx_hal_cortex.o
 .text.__NVIC_SetPriority
                0x080010e8       0x54 ./Drivers/STM32F4xx_HAL_Driver/Src/stm32f4xx_hal_cortex.o
 .text.NVIC_EncodePriority
                0x0800113c       0x66 ./Drivers/STM32F4xx_HAL_Driver/Src/stm32f4xx_hal_cortex.o
 *fill*         0x080011a2        0x2 
 .text.SysTick_Config
                0x080011a4       0x44 ./Drivers/STM32F4xx_HAL_Driver/Src/stm32f4xx_hal_cortex.o
 .text.HAL_NVIC_SetPriorityGrouping
                0x080011e8       0x16 ./Drivers/STM32F4xx_HAL_Driver/Src/stm32f4xx_hal_cortex.o
                0x080011e8                HAL_NVIC_SetPriorityGrouping
 .text.HAL_NVIC_SetPriority
                0x080011fe       0x38 ./Drivers/STM32F4xx_HAL_Driver/Src/stm32f4xx_hal_cortex.o
                0x080011fe                HAL_NVIC_SetPriority
 .text.HAL_NVIC_EnableIRQ
                0x08001236       0x1c ./Drivers/STM32F4xx_HAL_Driver/Src/stm32f4xx_hal_cortex.o
                0x08001236                HAL_NVIC_EnableIRQ
 .text.HAL_SYSTICK_Config
                0x08001252       0x18 ./Drivers/STM32F4xx_HAL_Driver/Src/stm32f4xx_hal_cortex.o
                0x08001252                HAL_SYSTICK_Config
 *fill*         0x0800126a        0x2 
 .text.HAL_GPIO_Init
                0x0800126c      0x308 ./Drivers/STM32F4xx_HAL_Driver/Src/stm32f4xx_hal_gpio.o
                0x0800126c                HAL_GPIO_Init
 .text.HAL_GPIO_ReadPin
                0x08001574       0x30 ./Drivers/STM32F4xx_HAL_Driver/Src/stm32f4xx_hal_gpio.o
                0x08001574                HAL_GPIO_ReadPin
 .text.HAL_GPIO_WritePin
                0x080015a4       0x32 ./Drivers/STM32F4xx_HAL_Driver/Src/stm32f4xx_hal_gpio.o
                0x080015a4                HAL_GPIO_WritePin
 .text.HAL_PCD_Init
                0x080015d6      0x21e ./Drivers/STM32F4xx_HAL_Driver/Src/stm32f4xx_hal_pcd.o
                0x080015d6                HAL_PCD_Init
 .text.HAL_PCD_Start
                0x080017f4       0x6a ./Drivers/STM32F4xx_HAL_Driver/Src/stm32f4xx_hal_pcd.o
                0x080017f4                HAL_PCD_Start
 .text.HAL_PCD_IRQHandler
                0x0800185e      0x942 ./Drivers/STM32F4xx_HAL_Driver/Src/stm32f4xx_hal_pcd.o
                0x0800185e                HAL_PCD_IRQHandler
 .text.HAL_PCD_SetAddress
                0x080021a0       0x48 ./Drivers/STM32F4xx_HAL_Driver/Src/stm32f4xx_hal_pcd.o
                0x080021a0                HAL_PCD_SetAddress
 .text.HAL_PCD_EP_Open
                0x080021e8       0xd4 ./Drivers/STM32F4xx_HAL_Driver/Src/stm32f4xx_hal_pcd.o
                0x080021e8                HAL_PCD_EP_Open
 .text.HAL_PCD_EP_Close
                0x080022bc       0x94 ./Drivers/STM32F4xx_HAL_Driver/Src/stm32f4xx_hal_pcd.o
                0x080022bc                HAL_PCD_EP_Close
 .text.HAL_PCD_EP_Receive
                0x08002350       0x76 ./Drivers/STM32F4xx_HAL_Driver/Src/stm32f4xx_hal_pcd.o
                0x08002350                HAL_PCD_EP_Receive
 .text.HAL_PCD_EP_GetRxCount
                0x080023c6       0x30 ./Drivers/STM32F4xx_HAL_Driver/Src/stm32f4xx_hal_pcd.o
                0x080023c6                HAL_PCD_EP_GetRxCount
 .text.HAL_PCD_EP_Transmit
                0x080023f6       0x74 ./Drivers/STM32F4xx_HAL_Driver/Src/stm32f4xx_hal_pcd.o
                0x080023f6                HAL_PCD_EP_Transmit
 .text.HAL_PCD_EP_SetStall
                0x0800246a       0xc6 ./Drivers/STM32F4xx_HAL_Driver/Src/stm32f4xx_hal_pcd.o
                0x0800246a                HAL_PCD_EP_SetStall
 .text.HAL_PCD_EP_ClrStall
                0x08002530       0xac ./Drivers/STM32F4xx_HAL_Driver/Src/stm32f4xx_hal_pcd.o
                0x08002530                HAL_PCD_EP_ClrStall
 .text.HAL_PCD_EP_Abort
                0x080025dc       0x62 ./Drivers/STM32F4xx_HAL_Driver/Src/stm32f4xx_hal_pcd.o
                0x080025dc                HAL_PCD_EP_Abort
 .text.PCD_WriteEmptyTxFifo
                0x0800263e      0x118 ./Drivers/STM32F4xx_HAL_Driver/Src/stm32f4xx_hal_pcd.o
 *fill*         0x08002756        0x2 
 .text.PCD_EP_OutXfrComplete_int
                0x08002758      0x1d0 ./Drivers/STM32F4xx_HAL_Driver/Src/stm32f4xx_hal_pcd.o
 .text.PCD_EP_OutSetupPacket_int
                0x08002928       0x8c ./Drivers/STM32F4xx_HAL_Driver/Src/stm32f4xx_hal_pcd.o
 .text.HAL_PCDEx_SetTxFiFo
                0x080029b4       0x8e ./Drivers/STM32F4xx_HAL_Driver/Src/stm32f4xx_hal_pcd_ex.o
                0x080029b4                HAL_PCDEx_SetTxFiFo
 .text.HAL_PCDEx_SetRxFiFo
                0x08002a42       0x22 ./Drivers/STM32F4xx_HAL_Driver/Src/stm32f4xx_hal_pcd_ex.o
                0x08002a42                HAL_PCDEx_SetRxFiFo
 .text.HAL_PCDEx_LPM_Callback
                0x08002a64       0x18 ./Drivers/STM32F4xx_HAL_Driver/Src/stm32f4xx_hal_pcd_ex.o
                0x08002a64                HAL_PCDEx_LPM_Callback
 .text.HAL_RCC_OscConfig
                0x08002a7c      0x4f0 ./Drivers/STM32F4xx_HAL_Driver/Src/stm32f4xx_hal_rcc.o
                0x08002a7c                HAL_RCC_OscConfig
 .text.HAL_RCC_ClockConfig
                0x08002f6c      0x1cc ./Drivers/STM32F4xx_HAL_Driver/Src/stm32f4xx_hal_rcc.o
                0x08002f6c                HAL_RCC_ClockConfig
 .text.HAL_RCC_GetSysClockFreq
                0x08003138      0x20c ./Drivers/STM32F4xx_HAL_Driver/Src/stm32f4xx_hal_rcc.o
                0x08003138                HAL_RCC_GetSysClockFreq
 .text.HAL_RCC_GetHCLKFreq
                0x08003344       0x18 ./Drivers/STM32F4xx_HAL_Driver/Src/stm32f4xx_hal_rcc.o
                0x08003344                HAL_RCC_GetHCLKFreq
 .text.HAL_SPI_Init
                0x0800335c      0x112 ./Drivers/STM32F4xx_HAL_Driver/Src/stm32f4xx_hal_spi.o
                0x0800335c                HAL_SPI_Init
 .text.HAL_SPI_Transmit
                0x0800346e      0x288 ./Drivers/STM32F4xx_HAL_Driver/Src/stm32f4xx_hal_spi.o
                0x0800346e                HAL_SPI_Transmit
 .text.HAL_SPI_TransmitReceive
                0x080036f6      0x352 ./Drivers/STM32F4xx_HAL_Driver/Src/stm32f4xx_hal_spi.o
                0x080036f6                HAL_SPI_TransmitReceive
 .text.SPI_WaitFlagStateUntilTimeout
                0x08003a48      0x110 ./Drivers/STM32F4xx_HAL_Driver/Src/stm32f4xx_hal_spi.o
 .text.SPI_EndRxTxTransaction
                0x08003b58       0xa8 ./Drivers/STM32F4xx_HAL_Driver/Src/stm32f4xx_hal_spi.o
 .text.HAL_TIM_Base_Init
                0x08003c00       0x9e ./Drivers/STM32F4xx_HAL_Driver/Src/stm32f4xx_hal_tim.o
                0x08003c00                HAL_TIM_Base_Init
 *fill*         0x08003c9e        0x2 
 .text.HAL_TIM_Base_Start
                0x08003ca0       0xb4 ./Drivers/STM32F4xx_HAL_Driver/Src/stm32f4xx_hal_tim.o
                0x08003ca0                HAL_TIM_Base_Start
 .text.HAL_TIM_ConfigClockSource
                0x08003d54      0x18e ./Drivers/STM32F4xx_HAL_Driver/Src/stm32f4xx_hal_tim.o
                0x08003d54                HAL_TIM_ConfigClockSource
 *fill*         0x08003ee2        0x2 
 .text.TIM_Base_SetConfig
                0x08003ee4      0x10c ./Drivers/STM32F4xx_HAL_Driver/Src/stm32f4xx_hal_tim.o
                0x08003ee4                TIM_Base_SetConfig
 .text.TIM_TI1_ConfigInputStage
                0x08003ff0       0x5e ./Drivers/STM32F4xx_HAL_Driver/Src/stm32f4xx_hal_tim.o
 .text.TIM_TI2_ConfigInputStage
                0x0800404e       0x60 ./Drivers/STM32F4xx_HAL_Driver/Src/stm32f4xx_hal_tim.o
 .text.TIM_ITRx_SetConfig
                0x080040ae       0x36 ./Drivers/STM32F4xx_HAL_Driver/Src/stm32f4xx_hal_tim.o
 .text.TIM_ETR_SetConfig
                0x080040e4       0x40 ./Drivers/STM32F4xx_HAL_Driver/Src/stm32f4xx_hal_tim.o
                0x080040e4                TIM_ETR_SetConfig
 .text.HAL_TIMEx_MasterConfigSynchronization
                0x08004124       0xdc ./Drivers/STM32F4xx_HAL_Driver/Src/stm32f4xx_hal_tim_ex.o
                0x08004124                HAL_TIMEx_MasterConfigSynchronization
 .text.USB_CoreInit
                0x08004200       0xc8 ./Drivers/STM32F4xx_HAL_Driver/Src/stm32f4xx_ll_usb.o
                0x08004200                USB_CoreInit
 .text.USB_SetTurnaroundTime
                0x080042c8      0x144 ./Drivers/STM32F4xx_HAL_Driver/Src/stm32f4xx_ll_usb.o
                0x080042c8                USB_SetTurnaroundTime
 .text.USB_EnableGlobalInt
                0x0800440c       0x22 ./Drivers/STM32F4xx_HAL_Driver/Src/stm32f4xx_ll_usb.o
                0x0800440c                USB_EnableGlobalInt
 .text.USB_DisableGlobalInt
                0x0800442e       0x22 ./Drivers/STM32F4xx_HAL_Driver/Src/stm32f4xx_ll_usb.o
                0x0800442e                USB_DisableGlobalInt
 .text.USB_SetCurrentMode
                0x08004450       0x98 ./Drivers/STM32F4xx_HAL_Driver/Src/stm32f4xx_ll_usb.o
                0x08004450                USB_SetCurrentMode
 .text.USB_DevInit
                0x080044e8      0x2c8 ./Drivers/STM32F4xx_HAL_Driver/Src/stm32f4xx_ll_usb.o
                0x080044e8                USB_DevInit
 .text.USB_FlushTxFifo
                0x080047b0       0x64 ./Drivers/STM32F4xx_HAL_Driver/Src/stm32f4xx_ll_usb.o
                0x080047b0                USB_FlushTxFifo
 .text.USB_FlushRxFifo
                0x08004814       0x5c ./Drivers/STM32F4xx_HAL_Driver/Src/stm32f4xx_ll_usb.o
                0x08004814                USB_FlushRxFifo
 .text.USB_SetDevSpeed
                0x08004870       0x32 ./Drivers/STM32F4xx_HAL_Driver/Src/stm32f4xx_ll_usb.o
                0x08004870                USB_SetDevSpeed
 .text.USB_GetDevSpeed
                0x080048a2       0x4a ./Drivers/STM32F4xx_HAL_Driver/Src/stm32f4xx_ll_usb.o
                0x080048a2                USB_GetDevSpeed
 .text.USB_ActivateEndpoint
                0x080048ec      0x10e ./Drivers/STM32F4xx_HAL_Driver/Src/stm32f4xx_ll_usb.o
                0x080048ec                USB_ActivateEndpoint
 *fill*         0x080049fa        0x2 
 .text.USB_DeactivateEndpoint
                0x080049fc      0x1b8 ./Drivers/STM32F4xx_HAL_Driver/Src/stm32f4xx_ll_usb.o
                0x080049fc                USB_DeactivateEndpoint
 .text.USB_EPStartXfer
                0x08004bb4      0x53c ./Drivers/STM32F4xx_HAL_Driver/Src/stm32f4xx_ll_usb.o
                0x08004bb4                USB_EPStartXfer
 .text.USB_EPStopXfer
                0x080050f0      0x154 ./Drivers/STM32F4xx_HAL_Driver/Src/stm32f4xx_ll_usb.o
                0x080050f0                USB_EPStopXfer
 .text.USB_WritePacket
                0x08005244       0x7c ./Drivers/STM32F4xx_HAL_Driver/Src/stm32f4xx_ll_usb.o
                0x08005244                USB_WritePacket
 .text.USB_ReadPacket
                0x080052c0       0xb0 ./Drivers/STM32F4xx_HAL_Driver/Src/stm32f4xx_ll_usb.o
                0x080052c0                USB_ReadPacket
 .text.USB_EPSetStall
                0x08005370       0xdc ./Drivers/STM32F4xx_HAL_Driver/Src/stm32f4xx_ll_usb.o
                0x08005370                USB_EPSetStall
 .text.USB_EPClearStall
                0x0800544c       0xcc ./Drivers/STM32F4xx_HAL_Driver/Src/stm32f4xx_ll_usb.o
                0x0800544c                USB_EPClearStall
 .text.USB_SetDevAddress
                0x08005518       0x4c ./Drivers/STM32F4xx_HAL_Driver/Src/stm32f4xx_ll_usb.o
                0x08005518                USB_SetDevAddress
 .text.USB_DevConnect
                0x08005564       0x42 ./Drivers/STM32F4xx_HAL_Driver/Src/stm32f4xx_ll_usb.o
                0x08005564                USB_DevConnect
 .text.USB_DevDisconnect
                0x080055a6       0x42 ./Drivers/STM32F4xx_HAL_Driver/Src/stm32f4xx_ll_usb.o
                0x080055a6                USB_DevDisconnect
 .text.USB_ReadInterrupts
                0x080055e8       0x26 ./Drivers/STM32F4xx_HAL_Driver/Src/stm32f4xx_ll_usb.o
                0x080055e8                USB_ReadInterrupts
 .text.USB_ReadDevAllOutEpInterrupt
                0x0800560e       0x34 ./Drivers/STM32F4xx_HAL_Driver/Src/stm32f4xx_ll_usb.o
                0x0800560e                USB_ReadDevAllOutEpInterrupt
 .text.USB_ReadDevAllInEpInterrupt
                0x08005642       0x34 ./Drivers/STM32F4xx_HAL_Driver/Src/stm32f4xx_ll_usb.o
                0x08005642                USB_ReadDevAllInEpInterrupt
 .text.USB_ReadDevOutEPInterrupt
                0x08005676       0x3c ./Drivers/STM32F4xx_HAL_Driver/Src/stm32f4xx_ll_usb.o
                0x08005676                USB_ReadDevOutEPInterrupt
 .text.USB_ReadDevInEPInterrupt
                0x080056b2       0x5c ./Drivers/STM32F4xx_HAL_Driver/Src/stm32f4xx_ll_usb.o
                0x080056b2                USB_ReadDevInEPInterrupt
 .text.USB_GetMode
                0x0800570e       0x1c ./Drivers/STM32F4xx_HAL_Driver/Src/stm32f4xx_ll_usb.o
                0x0800570e                USB_GetMode
 .text.USB_ActivateSetup
                0x0800572a       0x46 ./Drivers/STM32F4xx_HAL_Driver/Src/stm32f4xx_ll_usb.o
                0x0800572a                USB_ActivateSetup
 .text.USB_EP0_OutStart
                0x08005770       0xbc ./Drivers/STM32F4xx_HAL_Driver/Src/stm32f4xx_ll_usb.o
                0x08005770                USB_EP0_OutStart
 .text.USB_CoreReset
                0x0800582c       0x70 ./Drivers/STM32F4xx_HAL_Driver/Src/stm32f4xx_ll_usb.o
 .text.MX_FATFS_Init
                0x0800589c       0x24 ./FATFS/App/fatfs.o
                0x0800589c                MX_FATFS_Init
 .text.user_drive_is_valid
                0x080058c0       0x22 ./FATFS/Target/user_diskio.o
 .text.sd_spi_status_to_dresult
                0x080058e2       0x2c ./FATFS/Target/user_diskio.o
 *fill*         0x0800590e        0x2 
 .text.USER_initialize
                0x08005910       0x74 ./FATFS/Target/user_diskio.o
                0x08005910                USER_initialize
 .text.USER_status
                0x08005984       0x58 ./FATFS/Target/user_diskio.o
                0x08005984                USER_status
 .text.USER_read
                0x080059dc       0x6e ./FATFS/Target/user_diskio.o
                0x080059dc                USER_read
 .text.USER_write
                0x08005a4a       0x6e ./FATFS/Target/user_diskio.o
                0x08005a4a                USER_write
 .text.USER_ioctl
                0x08005ab8       0xc8 ./FATFS/Target/user_diskio.o
                0x08005ab8                USER_ioctl
 .text.USBD_CDC_Init
                0x08005b80      0x1f0 ./Middlewares/ST/STM32_USB_Device_Library/Class/CDC/Src/usbd_cdc.o
 .text.USBD_CDC_DeInit
                0x08005d70      0x104 ./Middlewares/ST/STM32_USB_Device_Library/Class/CDC/Src/usbd_cdc.o
 .text.USBD_CDC_Setup
                0x08005e74      0x1b8 ./Middlewares/ST/STM32_USB_Device_Library/Class/CDC/Src/usbd_cdc.o
 .text.USBD_CDC_DataIn
                0x0800602c       0xfe ./Middlewares/ST/STM32_USB_Device_Library/Class/CDC/Src/usbd_cdc.o
 .text.USBD_CDC_DataOut
                0x0800612a       0x70 ./Middlewares/ST/STM32_USB_Device_Library/Class/CDC/Src/usbd_cdc.o
 .text.USBD_CDC_EP0_RxReady
                0x0800619a       0x74 ./Middlewares/ST/STM32_USB_Device_Library/Class/CDC/Src/usbd_cdc.o
 *fill*         0x0800620e        0x2 
 .text.USBD_CDC_GetFSCfgDesc
                0x08006210       0x70 ./Middlewares/ST/STM32_USB_Device_Library/Class/CDC/Src/usbd_cdc.o
 .text.USBD_CDC_GetHSCfgDesc
                0x08006280       0x70 ./Middlewares/ST/STM32_USB_Device_Library/Class/CDC/Src/usbd_cdc.o
 .text.USBD_CDC_GetOtherSpeedCfgDesc
                0x080062f0       0x70 ./Middlewares/ST/STM32_USB_Device_Library/Class/CDC/Src/usbd_cdc.o
 .text.USBD_CDC_GetDeviceQualifierDescriptor
                0x08006360       0x20 ./Middlewares/ST/STM32_USB_Device_Library/Class/CDC/Src/usbd_cdc.o
                0x08006360                USBD_CDC_GetDeviceQualifierDescriptor
 .text.USBD_CDC_RegisterInterface
                0x08006380       0x34 ./Middlewares/ST/STM32_USB_Device_Library/Class/CDC/Src/usbd_cdc.o
                0x08006380                USBD_CDC_RegisterInterface
 .text.USBD_CDC_SetTxBuffer
                0x080063b4       0x44 ./Middlewares/ST/STM32_USB_Device_Library/Class/CDC/Src/usbd_cdc.o
                0x080063b4                USBD_CDC_SetTxBuffer
 .text.USBD_CDC_SetRxBuffer
                0x080063f8       0x3a ./Middlewares/ST/STM32_USB_Device_Library/Class/CDC/Src/usbd_cdc.o
                0x080063f8                USBD_CDC_SetRxBuffer
 *fill*         0x08006432        0x2 
 .text.USBD_CDC_TransmitPacket
                0x08006434       0x80 ./Middlewares/ST/STM32_USB_Device_Library/Class/CDC/Src/usbd_cdc.o
                0x08006434                USBD_CDC_TransmitPacket
 .text.USBD_CDC_ReceivePacket
                0x080064b4       0x6c ./Middlewares/ST/STM32_USB_Device_Library/Class/CDC/Src/usbd_cdc.o
                0x080064b4                USBD_CDC_ReceivePacket
 .text.USBD_Init
                0x08006520       0x60 ./Middlewares/ST/STM32_USB_Device_Library/Core/Src/usbd_core.o
                0x08006520                USBD_Init
 .text.USBD_RegisterClass
                0x08006580       0x6c ./Middlewares/ST/STM32_USB_Device_Library/Core/Src/usbd_core.o
                0x08006580                USBD_RegisterClass
 .text.USBD_Start
                0x080065ec       0x18 ./Middlewares/ST/STM32_USB_Device_Library/Core/Src/usbd_core.o
                0x080065ec                USBD_Start
 .text.USBD_RunTestMode
                0x08006604       0x16 ./Middlewares/ST/STM32_USB_Device_Library/Core/Src/usbd_core.o
                0x08006604                USBD_RunTestMode
 .text.USBD_SetClassConfig
                0x0800661a       0x38 ./Middlewares/ST/STM32_USB_Device_Library/Core/Src/usbd_core.o
                0x0800661a                USBD_SetClassConfig
 .text.USBD_ClrClassConfig
                0x08006652       0x34 ./Middlewares/ST/STM32_USB_Device_Library/Core/Src/usbd_core.o
                0x08006652                USBD_ClrClassConfig
 .text.USBD_LL_SetupStage
                0x08006686       0xaa ./Middlewares/ST/STM32_USB_Device_Library/Core/Src/usbd_core.o
                0x08006686                USBD_LL_SetupStage
 .text.USBD_LL_DataOutStage
                0x08006730      0x178 ./Middlewares/ST/STM32_USB_Device_Library/Core/Src/usbd_core.o
                0x08006730                USBD_LL_DataOutStage
 .text.USBD_LL_DataInStage
                0x080068a8      0x176 ./Middlewares/ST/STM32_USB_Device_Library/Core/Src/usbd_core.o
                0x080068a8                USBD_LL_DataInStage
 .text.USBD_LL_Reset
                0x08006a1e       0xa6 ./Middlewares/ST/STM32_USB_Device_Library/Core/Src/usbd_core.o
                0x08006a1e                USBD_LL_Reset
 .text.USBD_LL_SetSpeed
                0x08006ac4       0x20 ./Middlewares/ST/STM32_USB_Device_Library/Core/Src/usbd_core.o
                0x08006ac4                USBD_LL_SetSpeed
 .text.USBD_LL_Suspend
                0x08006ae4       0x38 ./Middlewares/ST/STM32_USB_Device_Library/Core/Src/usbd_core.o
                0x08006ae4                USBD_LL_Suspend
 .text.USBD_LL_Resume
                0x08006b1c       0x30 ./Middlewares/ST/STM32_USB_Device_Library/Core/Src/usbd_core.o
                0x08006b1c                USBD_LL_Resume
 .text.USBD_LL_SOF
                0x08006b4c       0x40 ./Middlewares/ST/STM32_USB_Device_Library/Core/Src/usbd_core.o
                0x08006b4c                USBD_LL_SOF
 .text.USBD_LL_IsoINIncomplete
                0x08006b8c       0x64 ./Middlewares/ST/STM32_USB_Device_Library/Core/Src/usbd_core.o
                0x08006b8c                USBD_LL_IsoINIncomplete
 .text.USBD_LL_IsoOUTIncomplete
                0x08006bf0       0x64 ./Middlewares/ST/STM32_USB_Device_Library/Core/Src/usbd_core.o
                0x08006bf0                USBD_LL_IsoOUTIncomplete
 .text.USBD_LL_DevConnected
                0x08006c54       0x16 ./Middlewares/ST/STM32_USB_Device_Library/Core/Src/usbd_core.o
                0x08006c54                USBD_LL_DevConnected
 .text.USBD_LL_DevDisconnected
                0x08006c6a       0x46 ./Middlewares/ST/STM32_USB_Device_Library/Core/Src/usbd_core.o
                0x08006c6a                USBD_LL_DevDisconnected
 .text.USBD_CoreFindIF
                0x08006cb0       0x1a ./Middlewares/ST/STM32_USB_Device_Library/Core/Src/usbd_core.o
                0x08006cb0                USBD_CoreFindIF
 .text.USBD_CoreFindEP
                0x08006cca       0x1a ./Middlewares/ST/STM32_USB_Device_Library/Core/Src/usbd_core.o
                0x08006cca                USBD_CoreFindEP
 .text.USBD_GetEpDesc
                0x08006ce4       0x70 ./Middlewares/ST/STM32_USB_Device_Library/Core/Src/usbd_core.o
                0x08006ce4                USBD_GetEpDesc
 .text.USBD_GetNextDesc
                0x08006d54       0x38 ./Middlewares/ST/STM32_USB_Device_Library/Core/Src/usbd_core.o
                0x08006d54                USBD_GetNextDesc
 .text.SWAPBYTE
                0x08006d8c       0x3e ./Middlewares/ST/STM32_USB_Device_Library/Core/Src/usbd_ctlreq.o
 *fill*         0x08006dca        0x2 
 .text.USBD_StdDevReq
                0x08006dcc       0xe4 ./Middlewares/ST/STM32_USB_Device_Library/Core/Src/usbd_ctlreq.o
                0x08006dcc                USBD_StdDevReq
 .text.USBD_StdItfReq
                0x08006eb0       0xd8 ./Middlewares/ST/STM32_USB_Device_Library/Core/Src/usbd_ctlreq.o
                0x08006eb0                USBD_StdItfReq
 .text.USBD_StdEPReq
                0x08006f88      0x33e ./Middlewares/ST/STM32_USB_Device_Library/Core/Src/usbd_ctlreq.o
                0x08006f88                USBD_StdEPReq
 *fill*         0x080072c6        0x2 
 .text.USBD_GetDescriptor
                0x080072c8      0x2d4 ./Middlewares/ST/STM32_USB_Device_Library/Core/Src/usbd_ctlreq.o
 .text.USBD_SetAddress
                0x0800759c       0x88 ./Middlewares/ST/STM32_USB_Device_Library/Core/Src/usbd_ctlreq.o
 .text.USBD_SetConfig
                0x08007624      0x154 ./Middlewares/ST/STM32_USB_Device_Library/Core/Src/usbd_ctlreq.o
 .text.USBD_GetConfig
                0x08007778       0x6c ./Middlewares/ST/STM32_USB_Device_Library/Core/Src/usbd_ctlreq.o
 .text.USBD_GetStatus
                0x080077e4       0x68 ./Middlewares/ST/STM32_USB_Device_Library/Core/Src/usbd_ctlreq.o
 .text.USBD_SetFeature
                0x0800784c       0x52 ./Middlewares/ST/STM32_USB_Device_Library/Core/Src/usbd_ctlreq.o
 .text.USBD_ClrFeature
                0x0800789e       0x44 ./Middlewares/ST/STM32_USB_Device_Library/Core/Src/usbd_ctlreq.o
 .text.USBD_ParseSetupRequest
                0x080078e2       0x74 ./Middlewares/ST/STM32_USB_Device_Library/Core/Src/usbd_ctlreq.o
                0x080078e2                USBD_ParseSetupRequest
 .text.USBD_CtlError
                0x08007956       0x22 ./Middlewares/ST/STM32_USB_Device_Library/Core/Src/usbd_ctlreq.o
                0x08007956                USBD_CtlError
 .text.USBD_GetString
                0x08007978       0xa4 ./Middlewares/ST/STM32_USB_Device_Library/Core/Src/usbd_ctlreq.o
                0x08007978                USBD_GetString
 .text.USBD_GetLen
                0x08007a1c       0x34 ./Middlewares/ST/STM32_USB_Device_Library/Core/Src/usbd_ctlreq.o
 .text.USBD_CtlSendData
                0x08007a50       0x3c ./Middlewares/ST/STM32_USB_Device_Library/Core/Src/usbd_ioreq.o
                0x08007a50                USBD_CtlSendData
 .text.USBD_CtlContinueSendData
                0x08007a8c       0x22 ./Middlewares/ST/STM32_USB_Device_Library/Core/Src/usbd_ioreq.o
                0x08007a8c                USBD_CtlContinueSendData
 .text.USBD_CtlPrepareRx
                0x08007aae       0x42 ./Middlewares/ST/STM32_USB_Device_Library/Core/Src/usbd_ioreq.o
                0x08007aae                USBD_CtlPrepareRx
 .text.USBD_CtlContinueRx
                0x08007af0       0x22 ./Middlewares/ST/STM32_USB_Device_Library/Core/Src/usbd_ioreq.o
                0x08007af0                USBD_CtlContinueRx
 .text.USBD_CtlSendStatus
                0x08007b12       0x26 ./Middlewares/ST/STM32_USB_Device_Library/Core/Src/usbd_ioreq.o
                0x08007b12                USBD_CtlSendStatus
 .text.USBD_CtlReceiveStatus
                0x08007b38       0x26 ./Middlewares/ST/STM32_USB_Device_Library/Core/Src/usbd_ioreq.o
                0x08007b38                USBD_CtlReceiveStatus
 *fill*         0x08007b5e        0x2 
 .text.disk_status
                0x08007b60       0x34 ./Middlewares/Third_Party/FatFs/src/diskio.o
                0x08007b60                disk_status
 .text.disk_initialize
                0x08007b94       0x50 ./Middlewares/Third_Party/FatFs/src/diskio.o
                0x08007b94                disk_initialize
 .text.disk_read
                0x08007be4       0x40 ./Middlewares/Third_Party/FatFs/src/diskio.o
                0x08007be4                disk_read
 .text.disk_write
                0x08007c24       0x40 ./Middlewares/Third_Party/FatFs/src/diskio.o
                0x08007c24                disk_write
 .text.disk_ioctl
                0x08007c64       0x3c ./Middlewares/Third_Party/FatFs/src/diskio.o
                0x08007c64                disk_ioctl
 .text.ld_word  0x08007ca0       0x32 ./Middlewares/Third_Party/FatFs/src/ff.o
 .text.ld_dword
                0x08007cd2       0x46 ./Middlewares/Third_Party/FatFs/src/ff.o
 .text.st_word  0x08007d18       0x36 ./Middlewares/Third_Party/FatFs/src/ff.o
 .text.st_dword
                0x08007d4e       0x58 ./Middlewares/Third_Party/FatFs/src/ff.o
 .text.mem_cpy  0x08007da6       0x42 ./Middlewares/Third_Party/FatFs/src/ff.o
 .text.mem_set  0x08007de8       0x36 ./Middlewares/Third_Party/FatFs/src/ff.o
 .text.mem_cmp  0x08007e1e       0x4e ./Middlewares/Third_Party/FatFs/src/ff.o
 .text.chk_chr  0x08007e6c       0x36 ./Middlewares/Third_Party/FatFs/src/ff.o
 *fill*         0x08007ea2        0x2 
 .text.chk_lock
                0x08007ea4       0xb8 ./Middlewares/Third_Party/FatFs/src/ff.o
 .text.enq_lock
                0x08007f5c       0x44 ./Middlewares/Third_Party/FatFs/src/ff.o
 .text.inc_lock
                0x08007fa0      0x11c ./Middlewares/Third_Party/FatFs/src/ff.o
 .text.dec_lock
                0x080080bc       0x78 ./Middlewares/Third_Party/FatFs/src/ff.o
 .text.clear_lock
                0x08008134       0x48 ./Middlewares/Third_Party/FatFs/src/ff.o
 .text.sync_window
                0x0800817c       0x88 ./Middlewares/Third_Party/FatFs/src/ff.o
 .text.move_window
                0x08008204       0x5a ./Middlewares/Third_Party/FatFs/src/ff.o
 *fill*         0x0800825e        0x2 
 .text.sync_fs  0x08008260       0xdc ./Middlewares/Third_Party/FatFs/src/ff.o
 .text.clust2sect
                0x0800833c       0x3e ./Middlewares/Third_Party/FatFs/src/ff.o
 .text.get_fat  0x0800837a      0x14e ./Middlewares/Third_Party/FatFs/src/ff.o
 .text.put_fat  0x080084c8      0x1d4 ./Middlewares/Third_Party/FatFs/src/ff.o
 .text.remove_chain
                0x0800869c       0xca ./Middlewares/Third_Party/FatFs/src/ff.o
 .text.create_chain
                0x08008766      0x130 ./Middlewares/Third_Party/FatFs/src/ff.o
 .text.clmt_clust
                0x08008896       0x68 ./Middlewares/Third_Party/FatFs/src/ff.o
 .text.dir_sdi  0x080088fe       0xf6 ./Middlewares/Third_Party/FatFs/src/ff.o
 .text.dir_next
                0x080089f4      0x18a ./Middlewares/Third_Party/FatFs/src/ff.o
 .text.dir_alloc
                0x08008b7e       0x8e ./Middlewares/Third_Party/FatFs/src/ff.o
 .text.ld_clust
                0x08008c0c       0x3e ./Middlewares/Third_Party/FatFs/src/ff.o
 .text.st_clust
                0x08008c4a       0x40 ./Middlewares/Third_Party/FatFs/src/ff.o
 *fill*         0x08008c8a        0x2 
 .text.cmp_lfn  0x08008c8c       0xe0 ./Middlewares/Third_Party/FatFs/src/ff.o
 .text.put_lfn  0x08008d6c       0xd0 ./Middlewares/Third_Party/FatFs/src/ff.o
 .text.gen_numname
                0x08008e3c      0x11c ./Middlewares/Third_Party/FatFs/src/ff.o
 .text.sum_sfn  0x08008f58       0x42 ./Middlewares/Third_Party/FatFs/src/ff.o
 .text.dir_find
                0x08008f9a      0x180 ./Middlewares/Third_Party/FatFs/src/ff.o
 *fill*         0x0800911a        0x2 
 .text.dir_register
                0x0800911c      0x1f0 ./Middlewares/Third_Party/FatFs/src/ff.o
 .text.create_name
                0x0800930c      0x370 ./Middlewares/Third_Party/FatFs/src/ff.o
 .text.follow_path
                0x0800967c       0xe2 ./Middlewares/Third_Party/FatFs/src/ff.o
 .text.get_ldnumber
                0x0800975e       0x88 ./Middlewares/Third_Party/FatFs/src/ff.o
 *fill*         0x080097e6        0x2 
 .text.check_fs
                0x080097e8       0xac ./Middlewares/Third_Party/FatFs/src/ff.o
 .text.find_volume
                0x08009894      0x4a0 ./Middlewares/Third_Party/FatFs/src/ff.o
 .text.validate
                0x08009d34       0x6a ./Middlewares/Third_Party/FatFs/src/ff.o
 *fill*         0x08009d9e        0x2 
 .text.f_mount  0x08009da0       0x8c ./Middlewares/Third_Party/FatFs/src/ff.o
                0x08009da0                f_mount
 .text.f_open   0x08009e2c      0x378 ./Middlewares/Third_Party/FatFs/src/ff.o
                0x08009e2c                f_open
 .text.f_read   0x0800a1a4      0x27e ./Middlewares/Third_Party/FatFs/src/ff.o
                0x0800a1a4                f_read
 *fill*         0x0800a422        0x2 
 .text.f_sync   0x0800a424      0x100 ./Middlewares/Third_Party/FatFs/src/ff.o
                0x0800a424                f_sync
 .text.f_close  0x0800a524       0x54 ./Middlewares/Third_Party/FatFs/src/ff.o
                0x0800a524                f_close
 .text.f_lseek  0x0800a578      0x412 ./Middlewares/Third_Party/FatFs/src/ff.o
                0x0800a578                f_lseek
 *fill*         0x0800a98a        0x2 
 .text.FATFS_LinkDriverEx
                0x0800a98c       0x98 ./Middlewares/Third_Party/FatFs/src/ff_gen_drv.o
                0x0800a98c                FATFS_LinkDriverEx
 .text.FATFS_LinkDriver
                0x0800aa24       0x1e ./Middlewares/Third_Party/FatFs/src/ff_gen_drv.o
                0x0800aa24                FATFS_LinkDriver
 *fill*         0x0800aa42        0x2 
 .text.ff_convert
                0x0800aa44       0x78 ./Middlewares/Third_Party/FatFs/src/option/ccsbcs.o
                0x0800aa44                ff_convert
 .text.ff_wtoupper
                0x0800aabc      0x114 ./Middlewares/Third_Party/FatFs/src/option/ccsbcs.o
                0x0800aabc                ff_wtoupper
 .text.MX_USB_DEVICE_Init
                0x0800abd0       0x60 ./USB_DEVICE/App/usb_device.o
                0x0800abd0                MX_USB_DEVICE_Init
 .text.CDC_Init_FS
                0x0800ac30       0x28 ./USB_DEVICE/App/usbd_cdc_if.o
 .text.CDC_DeInit_FS
                0x0800ac58       0x10 ./USB_DEVICE/App/usbd_cdc_if.o
 .text.CDC_Control_FS
                0x0800ac68       0xbc ./USB_DEVICE/App/usbd_cdc_if.o
 .text.CDC_Receive_FS
                0x0800ad24       0x28 ./USB_DEVICE/App/usbd_cdc_if.o
 .text.CDC_Transmit_FS
                0x0800ad4c       0x4c ./USB_DEVICE/App/usbd_cdc_if.o
                0x0800ad4c                CDC_Transmit_FS
 .text.CDC_TransmitCplt_FS
                0x0800ad98       0x22 ./USB_DEVICE/App/usbd_cdc_if.o
 *fill*         0x0800adba        0x2 
 .text.USBD_FS_DeviceDescriptor
                0x0800adbc       0x24 ./USB_DEVICE/App/usbd_desc.o
                0x0800adbc                USBD_FS_DeviceDescriptor
 .text.USBD_FS_LangIDStrDescriptor
                0x0800ade0       0x24 ./USB_DEVICE/App/usbd_desc.o
                0x0800ade0                USBD_FS_LangIDStrDescriptor
 .text.USBD_FS_ProductStrDescriptor
                0x0800ae04       0x3c ./USB_DEVICE/App/usbd_desc.o
                0x0800ae04                USBD_FS_ProductStrDescriptor
 .text.USBD_FS_ManufacturerStrDescriptor
                0x0800ae40       0x28 ./USB_DEVICE/App/usbd_desc.o
                0x0800ae40                USBD_FS_ManufacturerStrDescriptor
 .text.USBD_FS_SerialStrDescriptor
                0x0800ae68       0x24 ./USB_DEVICE/App/usbd_desc.o
                0x0800ae68                USBD_FS_SerialStrDescriptor
 .text.USBD_FS_ConfigStrDescriptor
                0x0800ae8c       0x3c ./USB_DEVICE/App/usbd_desc.o
                0x0800ae8c                USBD_FS_ConfigStrDescriptor
 .text.USBD_FS_InterfaceStrDescriptor
                0x0800aec8       0x3c ./USB_DEVICE/App/usbd_desc.o
                0x0800aec8                USBD_FS_InterfaceStrDescriptor
 .text.Get_SerialNum
                0x0800af04       0x58 ./USB_DEVICE/App/usbd_desc.o
 .text.IntToUnicode
                0x0800af5c       0x7e ./USB_DEVICE/App/usbd_desc.o
 *fill*         0x0800afda        0x2 
 .text.HAL_PCD_MspInit
                0x0800afdc       0xa8 ./USB_DEVICE/Target/usbd_conf.o
                0x0800afdc                HAL_PCD_MspInit
 .text.HAL_PCD_SetupStageCallback
                0x0800b084       0x24 ./USB_DEVICE/Target/usbd_conf.o
                0x0800b084                HAL_PCD_SetupStageCallback
 .text.HAL_PCD_DataOutStageCallback
                0x0800b0a8       0x36 ./USB_DEVICE/Target/usbd_conf.o
                0x0800b0a8                HAL_PCD_DataOutStageCallback
 .text.HAL_PCD_DataInStageCallback
                0x0800b0de       0x34 ./USB_DEVICE/Target/usbd_conf.o
                0x0800b0de                HAL_PCD_DataInStageCallback
 .text.HAL_PCD_SOFCallback
                0x0800b112       0x1c ./USB_DEVICE/Target/usbd_conf.o
                0x0800b112                HAL_PCD_SOFCallback
 .text.HAL_PCD_ResetCallback
                0x0800b12e       0x3c ./USB_DEVICE/Target/usbd_conf.o
                0x0800b12e                HAL_PCD_ResetCallback
 *fill*         0x0800b16a        0x2 
 .text.HAL_PCD_SuspendCallback
                0x0800b16c       0x4c ./USB_DEVICE/Target/usbd_conf.o
                0x0800b16c                HAL_PCD_SuspendCallback
 .text.HAL_PCD_ResumeCallback
                0x0800b1b8       0x1c ./USB_DEVICE/Target/usbd_conf.o
                0x0800b1b8                HAL_PCD_ResumeCallback
 .text.HAL_PCD_ISOOUTIncompleteCallback
                0x0800b1d4       0x24 ./USB_DEVICE/Target/usbd_conf.o
                0x0800b1d4                HAL_PCD_ISOOUTIncompleteCallback
 .text.HAL_PCD_ISOINIncompleteCallback
                0x0800b1f8       0x24 ./USB_DEVICE/Target/usbd_conf.o
                0x0800b1f8                HAL_PCD_ISOINIncompleteCallback
 .text.HAL_PCD_ConnectCallback
                0x0800b21c       0x1c ./USB_DEVICE/Target/usbd_conf.o
                0x0800b21c                HAL_PCD_ConnectCallback
 .text.HAL_PCD_DisconnectCallback
                0x0800b238       0x1c ./USB_DEVICE/Target/usbd_conf.o
                0x0800b238                HAL_PCD_DisconnectCallback
 .text.USBD_LL_Init
                0x0800b254       0x98 ./USB_DEVICE/Target/usbd_conf.o
                0x0800b254                USBD_LL_Init
 .text.USBD_LL_Start
                0x0800b2ec       0x36 ./USB_DEVICE/Target/usbd_conf.o
                0x0800b2ec                USBD_LL_Start
 .text.USBD_LL_OpenEP
                0x0800b322       0x4c ./USB_DEVICE/Target/usbd_conf.o
                0x0800b322                USBD_LL_OpenEP
 .text.USBD_LL_CloseEP
                0x0800b36e       0x3e ./USB_DEVICE/Target/usbd_conf.o
                0x0800b36e                USBD_LL_CloseEP
 .text.USBD_LL_StallEP
                0x0800b3ac       0x3e ./USB_DEVICE/Target/usbd_conf.o
                0x0800b3ac                USBD_LL_StallEP
 .text.USBD_LL_ClearStallEP
                0x0800b3ea       0x3e ./USB_DEVICE/Target/usbd_conf.o
                0x0800b3ea                USBD_LL_ClearStallEP
 .text.USBD_LL_IsStallEP
                0x0800b428       0x58 ./USB_DEVICE/Target/usbd_conf.o
                0x0800b428                USBD_LL_IsStallEP
 .text.USBD_LL_SetUSBAddress
                0x0800b480       0x3e ./USB_DEVICE/Target/usbd_conf.o
                0x0800b480                USBD_LL_SetUSBAddress
 .text.USBD_LL_Transmit
                0x0800b4be       0x42 ./USB_DEVICE/Target/usbd_conf.o
                0x0800b4be                USBD_LL_Transmit
 .text.USBD_LL_PrepareReceive
                0x0800b500       0x42 ./USB_DEVICE/Target/usbd_conf.o
                0x0800b500                USBD_LL_PrepareReceive
 .text.USBD_LL_GetRxDataSize
                0x0800b542       0x26 ./USB_DEVICE/Target/usbd_conf.o
                0x0800b542                USBD_LL_GetRxDataSize
 .text.USBD_static_malloc
                0x0800b568       0x1c ./USB_DEVICE/Target/usbd_conf.o
                0x0800b568                USBD_static_malloc
 .text.USBD_static_free
                0x0800b584       0x14 ./USB_DEVICE/Target/usbd_conf.o
                0x0800b584                USBD_static_free
 .text.USBD_Get_USB_Status
                0x0800b598       0x58 ./USB_DEVICE/Target/usbd_conf.o
                0x0800b598                USBD_Get_USB_Status
 .text.board_gpio_read_di
                0x0800b5f0      0x110 ./libraries/board_gpio/board_gpio.o
                0x0800b5f0                board_gpio_read_di
 .text.board_gpio_read_do
                0x0800b700       0xe0 ./libraries/board_gpio/board_gpio.o
                0x0800b700                board_gpio_read_do
 .text.board_gpio_write_do
                0x0800b7e0       0xe4 ./libraries/board_gpio/board_gpio.o
                0x0800b7e0                board_gpio_write_do
 .text.send     0x0800b8c4       0x44 ./libraries/debug_log/debug_log.o
 .text.debug_log_format
                0x0800b908       0x4c ./libraries/debug_log/debug_log.o
                0x0800b908                debug_log_format
 .text.floppy_drive_load_geometry
                0x0800b954       0x68 ./libraries/floppy_emu/core/floppy_drive.o
 .text.floppy_drive_init
                0x0800b9bc       0x2c ./libraries/floppy_emu/core/floppy_drive.o
                0x0800b9bc                floppy_drive_init
 .text.floppy_drive_set_head
                0x0800b9e8       0x46 ./libraries/floppy_emu/core/floppy_drive.o
                0x0800b9e8                floppy_drive_set_head
 .text.floppy_drive_set_selected
                0x0800ba2e       0x26 ./libraries/floppy_emu/core/floppy_drive.o
                0x0800ba2e                floppy_drive_set_selected
 .text.floppy_drive_set_motor_on
                0x0800ba54       0x26 ./libraries/floppy_emu/core/floppy_drive.o
                0x0800ba54                floppy_drive_set_motor_on
 .text.floppy_drive_step_towards_center
                0x0800ba7a       0x4a ./libraries/floppy_emu/core/floppy_drive.o
                0x0800ba7a                floppy_drive_step_towards_center
 .text.floppy_drive_step_towards_track0
                0x0800bac4       0x46 ./libraries/floppy_emu/core/floppy_drive.o
                0x0800bac4                floppy_drive_step_towards_track0
 .text.floppy_drive_get_status
                0x0800bb0a       0x74 ./libraries/floppy_emu/core/floppy_drive.o
                0x0800bb0a                floppy_drive_get_status
 *fill*         0x0800bb7e        0x2 
 .text.floppy_emu_map_fixed_image_status
                0x0800bb80       0x54 ./libraries/floppy_emu/floppy_emu.o
 .text.floppy_emu_detect_geometry
                0x0800bbd4       0x76 ./libraries/floppy_emu/floppy_emu.o
 .text.floppy_emu_mount_fixed_image
                0x0800bc4a       0xb0 ./libraries/floppy_emu/floppy_emu.o
                0x0800bc4a                floppy_emu_mount_fixed_image
 .text.floppy_emu_is_ready
                0x0800bcfa       0x30 ./libraries/floppy_emu/floppy_emu.o
                0x0800bcfa                floppy_emu_is_ready
 *fill*         0x0800bd2a        0x2 
 .text.floppy_emu_get_path
                0x0800bd2c       0x28 ./libraries/floppy_emu/floppy_emu.o
                0x0800bd2c                floppy_emu_get_path
 .text.floppy_emu_get_geometry
                0x0800bd54       0x24 ./libraries/floppy_emu/floppy_emu.o
                0x0800bd54                floppy_emu_get_geometry
 .text.floppy_emu_get_sector_count
                0x0800bd78       0x48 ./libraries/floppy_emu/floppy_emu.o
                0x0800bd78                floppy_emu_get_sector_count
 .text.floppy_emu_read_lba_sector
                0x0800bdc0       0xa4 ./libraries/floppy_emu/floppy_emu.o
                0x0800bdc0                floppy_emu_read_lba_sector
 .text.floppy_emu_status_str
                0x0800be64       0x8c ./libraries/floppy_emu/floppy_emu.o
                0x0800be64                floppy_emu_status_str
 .text.toshiba_fdd_iface_configure_signal
                0x0800bef0       0x30 ./libraries/floppy_emu/iface/toshiba_fdd_iface.o
 .text.toshiba_fdd_iface_decode_signal
                0x0800bf20       0x66 ./libraries/floppy_emu/iface/toshiba_fdd_iface.o
 .text.toshiba_fdd_iface_read_output_raw
                0x0800bf86       0x1c ./libraries/floppy_emu/iface/toshiba_fdd_iface.o
 .text.toshiba_fdd_iface_read_outputs_raw
                0x0800bfa2       0x7a ./libraries/floppy_emu/iface/toshiba_fdd_iface.o
 .text.toshiba_fdd_iface_apply_signal
                0x0800c01c       0x5e ./libraries/floppy_emu/iface/toshiba_fdd_iface.o
 .text.toshiba_fdd_iface_write_outputs_raw
                0x0800c07a       0x6c ./libraries/floppy_emu/iface/toshiba_fdd_iface.o
 .text.toshiba_fdd_iface_read_inputs_raw
                0x0800c0e6       0x88 ./libraries/floppy_emu/iface/toshiba_fdd_iface.o
 .text.toshiba_fdd_iface_diff_inputs
                0x0800c16e       0xb8 ./libraries/floppy_emu/iface/toshiba_fdd_iface.o
 .text.toshiba_fdd_iface_load_initial_guess_polarity
                0x0800c226       0xe4 ./libraries/floppy_emu/iface/toshiba_fdd_iface.o
                0x0800c226                toshiba_fdd_iface_load_initial_guess_polarity
 .text.toshiba_fdd_iface_init
                0x0800c30a       0x3a ./libraries/floppy_emu/iface/toshiba_fdd_iface.o
                0x0800c30a                toshiba_fdd_iface_init
 .text.toshiba_fdd_iface_poll_inputs
                0x0800c344       0x70 ./libraries/floppy_emu/iface/toshiba_fdd_iface.o
                0x0800c344                toshiba_fdd_iface_poll_inputs
 .text.toshiba_fdd_iface_get_inputs
                0x0800c3b4       0x20 ./libraries/floppy_emu/iface/toshiba_fdd_iface.o
                0x0800c3b4                toshiba_fdd_iface_get_inputs
 .text.toshiba_fdd_iface_log_inputs
                0x0800c3d4      0x100 ./libraries/floppy_emu/iface/toshiba_fdd_iface.o
                0x0800c3d4                toshiba_fdd_iface_log_inputs
 .text.toshiba_fdd_iface_decode_inputs
                0x0800c4d4       0xd8 ./libraries/floppy_emu/iface/toshiba_fdd_iface.o
                0x0800c4d4                toshiba_fdd_iface_decode_inputs
 .text.toshiba_fdd_iface_write_outputs
                0x0800c5ac       0xde ./libraries/floppy_emu/iface/toshiba_fdd_iface.o
                0x0800c5ac                toshiba_fdd_iface_write_outputs
 *fill*         0x0800c68a        0x2 
 .text.fixed_image_map_sd_status
                0x0800c68c       0x58 ./libraries/floppy_emu/storage/fixed_image.o
 .text.fixed_image_build_path
                0x0800c6e4       0x8c ./libraries/floppy_emu/storage/fixed_image.o
 .text.fixed_image_open
                0x0800c770       0xc8 ./libraries/floppy_emu/storage/fixed_image.o
                0x0800c770                fixed_image_open
 .text.fixed_image_close
                0x0800c838       0x5c ./libraries/floppy_emu/storage/fixed_image.o
                0x0800c838                fixed_image_close
 .text.fixed_image_get_path
                0x0800c894       0x28 ./libraries/floppy_emu/storage/fixed_image.o
                0x0800c894                fixed_image_get_path
 .text.fixed_image_get_size
                0x0800c8bc       0x46 ./libraries/floppy_emu/storage/fixed_image.o
                0x0800c8bc                fixed_image_get_size
 .text.fixed_image_read
                0x0800c902       0x7a ./libraries/floppy_emu/storage/fixed_image.o
                0x0800c902                fixed_image_read
 .text.sd_card_map_fresult
                0x0800c97c       0x8c ./libraries/sd_card/sd_card.o
 .text.sd_card_is_flag_set
                0x0800ca08       0x26 ./libraries/sd_card/sd_card.o
 *fill*         0x0800ca2e        0x2 
 .text.sd_card_init
                0x0800ca30       0x44 ./libraries/sd_card/sd_card.o
                0x0800ca30                sd_card_init
 .text.sd_card_is_ready
                0x0800ca74       0x18 ./libraries/sd_card/sd_card.o
                0x0800ca74                sd_card_is_ready
 .text.sd_card_file_open
                0x0800ca8c       0xf8 ./libraries/sd_card/sd_card.o
                0x0800ca8c                sd_card_file_open
 .text.sd_card_file_close
                0x0800cb84       0x2a ./libraries/sd_card/sd_card.o
                0x0800cb84                sd_card_file_close
 .text.sd_card_file_read
                0x0800cbae       0x56 ./libraries/sd_card/sd_card.o
                0x0800cbae                sd_card_file_read
 .text.sd_card_file_seek
                0x0800cc04       0x2e ./libraries/sd_card/sd_card.o
                0x0800cc04                sd_card_file_seek
 .text.sd_card_file_size
                0x0800cc32       0x38 ./libraries/sd_card/sd_card.o
                0x0800cc32                sd_card_file_size
 *fill*         0x0800cc6a        0x2 
 .text.spi_fault_clear
                0x0800cc6c       0x18 ./libraries/sd_card/sd_spi.o
 .text.spi_fault_is_set
                0x0800cc84       0x18 ./libraries/sd_card/sd_spi.o
 .text.cs_high  0x0800cc9c       0x10 ./libraries/sd_card/sd_spi.o
 .text.cs_low   0x0800ccac       0x10 ./libraries/sd_card/sd_spi.o
 .text.spi_xfer
                0x0800ccbc       0x44 ./libraries/sd_card/sd_spi.o
 .text.spi_send_ff
                0x0800cd00       0x38 ./libraries/sd_card/sd_spi.o
 .text.deselect_card
                0x0800cd38       0x12 ./libraries/sd_card/sd_spi.o
 .text.select_card
                0x0800cd4a        0xc ./libraries/sd_card/sd_spi.o
 .text.wait_ready
                0x0800cd56       0x4a ./libraries/sd_card/sd_spi.o
 .text.send_cmd
                0x0800cda0      0x10c ./libraries/sd_card/sd_spi.o
 .text.rcvr_datablock
                0x0800ceac       0xb0 ./libraries/sd_card/sd_spi.o
 .text.xmit_datablock
                0x0800cf5c       0xc0 ./libraries/sd_card/sd_spi.o
 .text.read_csd
                0x0800d01c       0x50 ./libraries/sd_card/sd_spi.o
 .text.compute_sector_count
                0x0800d06c       0xda ./libraries/sd_card/sd_spi.o
 *fill*         0x0800d146        0x2 
 .text.lba_range_is_valid
                0x0800d148       0x5c ./libraries/sd_card/sd_spi.o
 .text.sd_spi_init
                0x0800d1a4      0x234 ./libraries/sd_card/sd_spi.o
                0x0800d1a4                sd_spi_init
 .text.sd_spi_is_ready
                0x0800d3d8       0x18 ./libraries/sd_card/sd_spi.o
                0x0800d3d8                sd_spi_is_ready
 .text.sd_spi_read_blocks
                0x0800d3f0       0xf4 ./libraries/sd_card/sd_spi.o
                0x0800d3f0                sd_spi_read_blocks
 .text.sd_spi_write_blocks
                0x0800d4e4      0x118 ./libraries/sd_card/sd_spi.o
                0x0800d4e4                sd_spi_write_blocks
 .text.sd_spi_get_sector_count
                0x0800d5fc       0x7c ./libraries/sd_card/sd_spi.o
                0x0800d5fc                sd_spi_get_sector_count
 .text.delay_ms
                0x0800d678       0x16 ./libraries/utils/utils.o
                0x0800d678                delay_ms
 *fill*         0x0800d68e        0x2 
 .text.get_us   0x0800d690       0x18 ./libraries/utils/utils.o
                0x0800d690                get_us
 .text.snprintf
                0x0800d6a8       0x6c C:/ST/STM32CubeIDE_1.19.0/STM32CubeIDE/plugins/com.st.stm32cube.ide.mcu.externaltools.gnu-tools-for-stm32.13.3.rel1.win32_1.0.0.202411081344/tools/bin/../lib/gcc/arm-none-eabi/13.3.1/../../../../arm-none-eabi/lib/thumb/v7e-m+fp/hard\libc_nano.a(libc_a-snprintf.o)
                0x0800d6a8                sniprintf
                0x0800d6a8                snprintf
 .text._vsnprintf_r
                0x0800d714       0x5c C:/ST/STM32CubeIDE_1.19.0/STM32CubeIDE/plugins/com.st.stm32cube.ide.mcu.externaltools.gnu-tools-for-stm32.13.3.rel1.win32_1.0.0.202411081344/tools/bin/../lib/gcc/arm-none-eabi/13.3.1/../../../../arm-none-eabi/lib/thumb/v7e-m+fp/hard\libc_nano.a(libc_a-vsnprintf.o)
                0x0800d714                _vsniprintf_r
                0x0800d714                _vsnprintf_r
 .text.vsnprintf
                0x0800d770       0x1c C:/ST/STM32CubeIDE_1.19.0/STM32CubeIDE/plugins/com.st.stm32cube.ide.mcu.externaltools.gnu-tools-for-stm32.13.3.rel1.win32_1.0.0.202411081344/tools/bin/../lib/gcc/arm-none-eabi/13.3.1/../../../../arm-none-eabi/lib/thumb/v7e-m+fp/hard\libc_nano.a(libc_a-vsnprintf.o)
                0x0800d770                vsniprintf
                0x0800d770                vsnprintf
 .text.memset   0x0800d78c       0x10 C:/ST/STM32CubeIDE_1.19.0/STM32CubeIDE/plugins/com.st.stm32cube.ide.mcu.externaltools.gnu-tools-for-stm32.13.3.rel1.win32_1.0.0.202411081344/tools/bin/../lib/gcc/arm-none-eabi/13.3.1/../../../../arm-none-eabi/lib/thumb/v7e-m+fp/hard\libc_nano.a(libc_a-memset.o)
                0x0800d78c                memset
 .text.__errno  0x0800d79c        0xc C:/ST/STM32CubeIDE_1.19.0/STM32CubeIDE/plugins/com.st.stm32cube.ide.mcu.externaltools.gnu-tools-for-stm32.13.3.rel1.win32_1.0.0.202411081344/tools/bin/../lib/gcc/arm-none-eabi/13.3.1/../../../../arm-none-eabi/lib/thumb/v7e-m+fp/hard\libc_nano.a(libc_a-errno.o)
                0x0800d79c                __errno
 .text.__libc_init_array
                0x0800d7a8       0x48 C:/ST/STM32CubeIDE_1.19.0/STM32CubeIDE/plugins/com.st.stm32cube.ide.mcu.externaltools.gnu-tools-for-stm32.13.3.rel1.win32_1.0.0.202411081344/tools/bin/../lib/gcc/arm-none-eabi/13.3.1/../../../../arm-none-eabi/lib/thumb/v7e-m+fp/hard\libc_nano.a(libc_a-init.o)
                0x0800d7a8                __libc_init_array
 .text.__retarget_lock_acquire_recursive
                0x0800d7f0        0x2 C:/ST/STM32CubeIDE_1.19.0/STM32CubeIDE/plugins/com.st.stm32cube.ide.mcu.externaltools.gnu-tools-for-stm32.13.3.rel1.win32_1.0.0.202411081344/tools/bin/../lib/gcc/arm-none-eabi/13.3.1/../../../../arm-none-eabi/lib/thumb/v7e-m+fp/hard\libc_nano.a(libc_a-lock.o)
                0x0800d7f0                __retarget_lock_acquire_recursive
 .text.__retarget_lock_release_recursive
                0x0800d7f2        0x2 C:/ST/STM32CubeIDE_1.19.0/STM32CubeIDE/plugins/com.st.stm32cube.ide.mcu.externaltools.gnu-tools-for-stm32.13.3.rel1.win32_1.0.0.202411081344/tools/bin/../lib/gcc/arm-none-eabi/13.3.1/../../../../arm-none-eabi/lib/thumb/v7e-m+fp/hard\libc_nano.a(libc_a-lock.o)
                0x0800d7f2                __retarget_lock_release_recursive
 .text._free_r  0x0800d7f4       0x94 C:/ST/STM32CubeIDE_1.19.0/STM32CubeIDE/plugins/com.st.stm32cube.ide.mcu.externaltools.gnu-tools-for-stm32.13.3.rel1.win32_1.0.0.202411081344/tools/bin/../lib/gcc/arm-none-eabi/13.3.1/../../../../arm-none-eabi/lib/thumb/v7e-m+fp/hard\libc_nano.a(libc_a-freer.o)
                0x0800d7f4                _free_r
 .text.sbrk_aligned
                0x0800d888       0x44 C:/ST/STM32CubeIDE_1.19.0/STM32CubeIDE/plugins/com.st.stm32cube.ide.mcu.externaltools.gnu-tools-for-stm32.13.3.rel1.win32_1.0.0.202411081344/tools/bin/../lib/gcc/arm-none-eabi/13.3.1/../../../../arm-none-eabi/lib/thumb/v7e-m+fp/hard\libc_nano.a(libc_a-mallocr.o)
 .text._malloc_r
                0x0800d8cc      0x100 C:/ST/STM32CubeIDE_1.19.0/STM32CubeIDE/plugins/com.st.stm32cube.ide.mcu.externaltools.gnu-tools-for-stm32.13.3.rel1.win32_1.0.0.202411081344/tools/bin/../lib/gcc/arm-none-eabi/13.3.1/../../../../arm-none-eabi/lib/thumb/v7e-m+fp/hard\libc_nano.a(libc_a-mallocr.o)
                0x0800d8cc                _malloc_r
 .text.__malloc_lock
                0x0800d9cc        0xc C:/ST/STM32CubeIDE_1.19.0/STM32CubeIDE/plugins/com.st.stm32cube.ide.mcu.externaltools.gnu-tools-for-stm32.13.3.rel1.win32_1.0.0.202411081344/tools/bin/../lib/gcc/arm-none-eabi/13.3.1/../../../../arm-none-eabi/lib/thumb/v7e-m+fp/hard\libc_nano.a(libc_a-mlock.o)
                0x0800d9cc                __malloc_lock
 .text.__malloc_unlock
                0x0800d9d8        0xc C:/ST/STM32CubeIDE_1.19.0/STM32CubeIDE/plugins/com.st.stm32cube.ide.mcu.externaltools.gnu-tools-for-stm32.13.3.rel1.win32_1.0.0.202411081344/tools/bin/../lib/gcc/arm-none-eabi/13.3.1/../../../../arm-none-eabi/lib/thumb/v7e-m+fp/hard\libc_nano.a(libc_a-mlock.o)
                0x0800d9d8                __malloc_unlock
 .text.__ssputs_r
                0x0800d9e4       0xb6 C:/ST/STM32CubeIDE_1.19.0/STM32CubeIDE/plugins/com.st.stm32cube.ide.mcu.externaltools.gnu-tools-for-stm32.13.3.rel1.win32_1.0.0.202411081344/tools/bin/../lib/gcc/arm-none-eabi/13.3.1/../../../../arm-none-eabi/lib/thumb/v7e-m+fp/hard\libc_nano.a(libc_a-nano-svfprintf.o)
                0x0800d9e4                __ssputs_r
 *fill*         0x0800da9a        0x2 
 .text._svfprintf_r
                0x0800da9c      0x1f8 C:/ST/STM32CubeIDE_1.19.0/STM32CubeIDE/plugins/com.st.stm32cube.ide.mcu.externaltools.gnu-tools-for-stm32.13.3.rel1.win32_1.0.0.202411081344/tools/bin/../lib/gcc/arm-none-eabi/13.3.1/../../../../arm-none-eabi/lib/thumb/v7e-m+fp/hard\libc_nano.a(libc_a-nano-svfprintf.o)
                0x0800da9c                _svfiprintf_r
                0x0800da9c                _svfprintf_r
 .text._printf_common
                0x0800dc94       0xda C:/ST/STM32CubeIDE_1.19.0/STM32CubeIDE/plugins/com.st.stm32cube.ide.mcu.externaltools.gnu-tools-for-stm32.13.3.rel1.win32_1.0.0.202411081344/tools/bin/../lib/gcc/arm-none-eabi/13.3.1/../../../../arm-none-eabi/lib/thumb/v7e-m+fp/hard\libc_nano.a(libc_a-nano-vfprintf_i.o)
                0x0800dc94                _printf_common
 *fill*         0x0800dd6e        0x2 
 .text._printf_i
                0x0800dd70      0x23c C:/ST/STM32CubeIDE_1.19.0/STM32CubeIDE/plugins/com.st.stm32cube.ide.mcu.externaltools.gnu-tools-for-stm32.13.3.rel1.win32_1.0.0.202411081344/tools/bin/../lib/gcc/arm-none-eabi/13.3.1/../../../../arm-none-eabi/lib/thumb/v7e-m+fp/hard\libc_nano.a(libc_a-nano-vfprintf_i.o)
                0x0800dd70                _printf_i
 .text.memmove  0x0800dfac       0x34 C:/ST/STM32CubeIDE_1.19.0/STM32CubeIDE/plugins/com.st.stm32cube.ide.mcu.externaltools.gnu-tools-for-stm32.13.3.rel1.win32_1.0.0.202411081344/tools/bin/../lib/gcc/arm-none-eabi/13.3.1/../../../../arm-none-eabi/lib/thumb/v7e-m+fp/hard\libc_nano.a(libc_a-memmove.o)
                0x0800dfac                memmove
 .text._sbrk_r  0x0800dfe0       0x20 C:/ST/STM32CubeIDE_1.19.0/STM32CubeIDE/plugins/com.st.stm32cube.ide.mcu.externaltools.gnu-tools-for-stm32.13.3.rel1.win32_1.0.0.202411081344/tools/bin/../lib/gcc/arm-none-eabi/13.3.1/../../../../arm-none-eabi/lib/thumb/v7e-m+fp/hard\libc_nano.a(libc_a-sbrkr.o)
                0x0800dfe0                _sbrk_r
 .text.memcpy   0x0800e000       0x1c C:/ST/STM32CubeIDE_1.19.0/STM32CubeIDE/plugins/com.st.stm32cube.ide.mcu.externaltools.gnu-tools-for-stm32.13.3.rel1.win32_1.0.0.202411081344/tools/bin/../lib/gcc/arm-none-eabi/13.3.1/../../../../arm-none-eabi/lib/thumb/v7e-m+fp/hard\libc_nano.a(libc_a-memcpy-stub.o)
                0x0800e000                memcpy
 .text._realloc_r
                0x0800e01c       0x5c C:/ST/STM32CubeIDE_1.19.0/STM32CubeIDE/plugins/com.st.stm32cube.ide.mcu.externaltools.gnu-tools-for-stm32.13.3.rel1.win32_1.0.0.202411081344/tools/bin/../lib/gcc/arm-none-eabi/13.3.1/../../../../arm-none-eabi/lib/thumb/v7e-m+fp/hard\libc_nano.a(libc_a-reallocr.o)
                0x0800e01c                _realloc_r
 .text._malloc_usable_size_r
                0x0800e078       0x10 C:/ST/STM32CubeIDE_1.19.0/STM32CubeIDE/plugins/com.st.stm32cube.ide.mcu.externaltools.gnu-tools-for-stm32.13.3.rel1.win32_1.0.0.202411081344/tools/bin/../lib/gcc/arm-none-eabi/13.3.1/../../../../arm-none-eabi/lib/thumb/v7e-m+fp/hard\libc_nano.a(libc_a-msizer.o)
                0x0800e078                _malloc_usable_size_r
 *(.glue_7)
 .glue_7        0x0800e088        0x0 linker stubs
 *(.glue_7t)
 .glue_7t       0x0800e088        0x0 linker stubs
 *(.eh_frame)
 .eh_frame      0x0800e088        0x0 C:/ST/STM32CubeIDE_1.19.0/STM32CubeIDE/plugins/com.st.stm32cube.ide.mcu.externaltools.gnu-tools-for-stm32.13.3.rel1.win32_1.0.0.202411081344/tools/bin/../lib/gcc/arm-none-eabi/13.3.1/thumb/v7e-m+fp/hard/crtbegin.o
 *(.init)
 .init          0x0800e088        0x4 C:/ST/STM32CubeIDE_1.19.0/STM32CubeIDE/plugins/com.st.stm32cube.ide.mcu.externaltools.gnu-tools-for-stm32.13.3.rel1.win32_1.0.0.202411081344/tools/bin/../lib/gcc/arm-none-eabi/13.3.1/thumb/v7e-m+fp/hard/crti.o
                0x0800e088                _init
 .init          0x0800e08c        0x8 C:/ST/STM32CubeIDE_1.19.0/STM32CubeIDE/plugins/com.st.stm32cube.ide.mcu.externaltools.gnu-tools-for-stm32.13.3.rel1.win32_1.0.0.202411081344/tools/bin/../lib/gcc/arm-none-eabi/13.3.1/thumb/v7e-m+fp/hard/crtn.o
 *(.fini)
 .fini          0x0800e094        0x4 C:/ST/STM32CubeIDE_1.19.0/STM32CubeIDE/plugins/com.st.stm32cube.ide.mcu.externaltools.gnu-tools-for-stm32.13.3.rel1.win32_1.0.0.202411081344/tools/bin/../lib/gcc/arm-none-eabi/13.3.1/thumb/v7e-m+fp/hard/crti.o
                0x0800e094                _fini
 .fini          0x0800e098        0x8 C:/ST/STM32CubeIDE_1.19.0/STM32CubeIDE/plugins/com.st.stm32cube.ide.mcu.externaltools.gnu-tools-for-stm32.13.3.rel1.win32_1.0.0.202411081344/tools/bin/../lib/gcc/arm-none-eabi/13.3.1/thumb/v7e-m+fp/hard/crtn.o
                0x0800e0a0                        . = ALIGN (0x4)
                0x0800e0a0                        _etext = .

.vfp11_veneer   0x0800e0a0        0x0
 .vfp11_veneer  0x0800e0a0        0x0 linker stubs

.v4_bx          0x0800e0a0        0x0
 .v4_bx         0x0800e0a0        0x0 linker stubs

.iplt           0x0800e0a0        0x0
 .iplt          0x0800e0a0        0x0 C:/ST/STM32CubeIDE_1.19.0/STM32CubeIDE/plugins/com.st.stm32cube.ide.mcu.externaltools.gnu-tools-for-stm32.13.3.rel1.win32_1.0.0.202411081344/tools/bin/../lib/gcc/arm-none-eabi/13.3.1/thumb/v7e-m+fp/hard/crtbegin.o

.rodata         0x0800e0a0      0x8d4
                0x0800e0a0                        . = ALIGN (0x4)
 *(.rodata)
 .rodata        0x0800e0a0      0x26b ./Core/Src/main.o
 *fill*         0x0800e30b        0x1 
 .rodata        0x0800e30c       0x48 ./Middlewares/Third_Party/FatFs/src/ff.o
 .rodata        0x0800e354       0x42 ./USB_DEVICE/App/usbd_desc.o
 *fill*         0x0800e396        0x2 
 .rodata        0x0800e398       0x78 ./libraries/floppy_emu/floppy_emu.o
 .rodata        0x0800e410       0x67 ./libraries/floppy_emu/iface/toshiba_fdd_iface.o
 *fill*         0x0800e477        0x1 
 .rodata        0x0800e478       0x74 ./libraries/floppy_emu/storage/fixed_image.o
 .rodata        0x0800e4ec        0x1 ./libraries/sd_card/sd_card.o
 *(.rodata*)
 *fill*         0x0800e4ed        0x3 
 .rodata.AHBPrescTable
                0x0800e4f0       0x10 ./Core/Src/system_stm32f4xx.o
                0x0800e4f0                AHBPrescTable
 .rodata.ExCvt  0x0800e500       0x80 ./Middlewares/Third_Party/FatFs/src/ff.o
 .rodata.LfnOfs
                0x0800e580        0xd ./Middlewares/Third_Party/FatFs/src/ff.o
 *fill*         0x0800e58d        0x3 
 .rodata.Tbl    0x0800e590      0x100 ./Middlewares/Third_Party/FatFs/src/option/ccsbcs.o
 .rodata.cvt1.1
                0x0800e690      0x1f2 ./Middlewares/Third_Party/FatFs/src/option/ccsbcs.o
 *fill*         0x0800e882        0x2 
 .rodata.cvt2.0
                0x0800e884       0xbc ./Middlewares/Third_Party/FatFs/src/option/ccsbcs.o
 .rodata._svfprintf_r.str1.1
                0x0800e940       0x33 C:/ST/STM32CubeIDE_1.19.0/STM32CubeIDE/plugins/com.st.stm32cube.ide.mcu.externaltools.gnu-tools-for-stm32.13.3.rel1.win32_1.0.0.202411081344/tools/bin/../lib/gcc/arm-none-eabi/13.3.1/../../../../arm-none-eabi/lib/thumb/v7e-m+fp/hard\libc_nano.a(libc_a-nano-svfprintf.o)
                                 0x11 (size before relaxing)
 .rodata._printf_i.str1.1
                0x0800e973       0x22 C:/ST/STM32CubeIDE_1.19.0/STM32CubeIDE/plugins/com.st.stm32cube.ide.mcu.externaltools.gnu-tools-for-stm32.13.3.rel1.win32_1.0.0.202411081344/tools/bin/../lib/gcc/arm-none-eabi/13.3.1/../../../../arm-none-eabi/lib/thumb/v7e-m+fp/hard\libc_nano.a(libc_a-nano-vfprintf_i.o)
                0x0800e998                        . = ALIGN (0x4)
 *fill*         0x0800e973        0x1 

.ARM.extab      0x0800e974        0x0
                0x0800e974                        . = ALIGN (0x4)
 *(.ARM.extab* .gnu.linkonce.armextab.*)
                0x0800e974                        . = ALIGN (0x4)

.ARM            0x0800e974        0x8
                0x0800e974                        . = ALIGN (0x4)
                0x0800e974                        __exidx_start = .
 *(.ARM.exidx*)
 .ARM.exidx     0x0800e974        0x8 C:/ST/STM32CubeIDE_1.19.0/STM32CubeIDE/plugins/com.st.stm32cube.ide.mcu.externaltools.gnu-tools-for-stm32.13.3.rel1.win32_1.0.0.202411081344/tools/bin/../lib/gcc/arm-none-eabi/13.3.1/../../../../arm-none-eabi/lib/thumb/v7e-m+fp/hard\libc_nano.a(libc_a-strlen.o)
 .ARM.exidx     0x0800e97c        0x0 C:/ST/STM32CubeIDE_1.19.0/STM32CubeIDE/plugins/com.st.stm32cube.ide.mcu.externaltools.gnu-tools-for-stm32.13.3.rel1.win32_1.0.0.202411081344/tools/bin/../lib/gcc/arm-none-eabi/13.3.1/../../../../arm-none-eabi/lib/thumb/v7e-m+fp/hard\libc_nano.a(libc_a-memchr.o)
                                  0x8 (size before relaxing)
 .ARM.exidx     0x0800e97c        0x0 C:/ST/STM32CubeIDE_1.19.0/STM32CubeIDE/plugins/com.st.stm32cube.ide.mcu.externaltools.gnu-tools-for-stm32.13.3.rel1.win32_1.0.0.202411081344/tools/bin/../lib/gcc/arm-none-eabi/13.3.1/thumb/v7e-m+fp/hard\libgcc.a(_udivmoddi4.o)
                                  0x8 (size before relaxing)
                0x0800e97c                        __exidx_end = .
                0x0800e97c                        . = ALIGN (0x4)

.preinit_array  0x0800e97c        0x0
                0x0800e97c                        . = ALIGN (0x4)
                0x0800e97c                        PROVIDE (__preinit_array_start = .)
 *(.preinit_array*)
                0x0800e97c                        PROVIDE (__preinit_array_end = .)
                0x0800e97c                        . = ALIGN (0x4)

.init_array     0x0800e97c        0x4
                0x0800e97c                        . = ALIGN (0x4)
                0x0800e97c                        PROVIDE (__init_array_start = .)
 *(SORT_BY_NAME(.init_array.*))
 *(.init_array*)
 .init_array    0x0800e97c        0x4 C:/ST/STM32CubeIDE_1.19.0/STM32CubeIDE/plugins/com.st.stm32cube.ide.mcu.externaltools.gnu-tools-for-stm32.13.3.rel1.win32_1.0.0.202411081344/tools/bin/../lib/gcc/arm-none-eabi/13.3.1/thumb/v7e-m+fp/hard/crtbegin.o
                0x0800e980                        PROVIDE (__init_array_end = .)
                0x0800e980                        . = ALIGN (0x4)

.fini_array     0x0800e980        0x4
                0x0800e980                        . = ALIGN (0x4)
                [!provide]                        PROVIDE (__fini_array_start = .)
 *(SORT_BY_NAME(.fini_array.*))
 *(.fini_array*)
 .fini_array    0x0800e980        0x4 C:/ST/STM32CubeIDE_1.19.0/STM32CubeIDE/plugins/com.st.stm32cube.ide.mcu.externaltools.gnu-tools-for-stm32.13.3.rel1.win32_1.0.0.202411081344/tools/bin/../lib/gcc/arm-none-eabi/13.3.1/thumb/v7e-m+fp/hard/crtbegin.o
                [!provide]                        PROVIDE (__fini_array_end = .)
                0x0800e984                        . = ALIGN (0x4)
                0x0800e984                        _sidata = LOADADDR (.data)

.rel.dyn        0x0800e984        0x0
 .rel.iplt      0x0800e984        0x0 C:/ST/STM32CubeIDE_1.19.0/STM32CubeIDE/plugins/com.st.stm32cube.ide.mcu.externaltools.gnu-tools-for-stm32.13.3.rel1.win32_1.0.0.202411081344/tools/bin/../lib/gcc/arm-none-eabi/13.3.1/thumb/v7e-m+fp/hard/crtbegin.o

.data           0x20000000      0x160 load address 0x0800e984
                0x20000000                        . = ALIGN (0x4)
                0x20000000                        _sdata = .
 *(.data)
 *(.data*)
 .data.SystemCoreClock
                0x20000000        0x4 ./Core/Src/system_stm32f4xx.o
                0x20000000                SystemCoreClock
 .data.uwTickPrio
                0x20000004        0x4 ./Drivers/STM32F4xx_HAL_Driver/Src/stm32f4xx_hal.o
                0x20000004                uwTickPrio
 .data.uwTickFreq
                0x20000008        0x1 ./Drivers/STM32F4xx_HAL_Driver/Src/stm32f4xx_hal.o
                0x20000008                uwTickFreq
 .data.s_stat   0x20000009        0x1 ./FATFS/Target/user_diskio.o
 *fill*         0x2000000a        0x2 
 .data.USER_Driver
                0x2000000c       0x14 ./FATFS/Target/user_diskio.o
                0x2000000c                USER_Driver
 .data.USBD_CDC_DeviceQualifierDesc
                0x20000020        0xa ./Middlewares/ST/STM32_USB_Device_Library/Class/CDC/Src/usbd_cdc.o
 *fill*         0x2000002a        0x2 
 .data.USBD_CDC
                0x2000002c       0x38 ./Middlewares/ST/STM32_USB_Device_Library/Class/CDC/Src/usbd_cdc.o
                0x2000002c                USBD_CDC
 .data.USBD_CDC_CfgDesc
                0x20000064       0x43 ./Middlewares/ST/STM32_USB_Device_Library/Class/CDC/Src/usbd_cdc.o
 .data.CDCInEpAdd
                0x200000a7        0x1 ./Middlewares/ST/STM32_USB_Device_Library/Class/CDC/Src/usbd_cdc.o
 .data.CDCOutEpAdd
                0x200000a8        0x1 ./Middlewares/ST/STM32_USB_Device_Library/Class/CDC/Src/usbd_cdc.o
 .data.CDCCmdEpAdd
                0x200000a9        0x1 ./Middlewares/ST/STM32_USB_Device_Library/Class/CDC/Src/usbd_cdc.o
 *fill*         0x200000aa        0x2 
 .data.USBD_Interface_fops_FS
                0x200000ac       0x14 ./USB_DEVICE/App/usbd_cdc_if.o
                0x200000ac                USBD_Interface_fops_FS
 .data.FS_Desc  0x200000c0       0x1c ./USB_DEVICE/App/usbd_desc.o
                0x200000c0                FS_Desc
 .data.USBD_FS_DeviceDesc
                0x200000dc       0x12 ./USB_DEVICE/App/usbd_desc.o
                0x200000dc                USBD_FS_DeviceDesc
 *fill*         0x200000ee        0x2 
 .data.USBD_LangIDDesc
                0x200000f0        0x4 ./USB_DEVICE/App/usbd_desc.o
                0x200000f0                USBD_LangIDDesc
 .data.USBD_StringSerial
                0x200000f4       0x1a ./USB_DEVICE/App/usbd_desc.o
                0x200000f4                USBD_StringSerial
 *fill*         0x2000010e        0x2 
 .data._impure_ptr
                0x20000110        0x4 C:/ST/STM32CubeIDE_1.19.0/STM32CubeIDE/plugins/com.st.stm32cube.ide.mcu.externaltools.gnu-tools-for-stm32.13.3.rel1.win32_1.0.0.202411081344/tools/bin/../lib/gcc/arm-none-eabi/13.3.1/../../../../arm-none-eabi/lib/thumb/v7e-m+fp/hard\libc_nano.a(libc_a-impure.o)
                0x20000110                _impure_ptr
 .data._impure_data
                0x20000114       0x4c C:/ST/STM32CubeIDE_1.19.0/STM32CubeIDE/plugins/com.st.stm32cube.ide.mcu.externaltools.gnu-tools-for-stm32.13.3.rel1.win32_1.0.0.202411081344/tools/bin/../lib/gcc/arm-none-eabi/13.3.1/../../../../arm-none-eabi/lib/thumb/v7e-m+fp/hard\libc_nano.a(libc_a-impure.o)
                0x20000114                _impure_data
 *(.RamFunc)
 *(.RamFunc*)
                0x20000160                        . = ALIGN (0x4)
                0x20000160                        _edata = .

.igot.plt       0x20000160        0x0 load address 0x0800eae4
 .igot.plt      0x20000160        0x0 C:/ST/STM32CubeIDE_1.19.0/STM32CubeIDE/plugins/com.st.stm32cube.ide.mcu.externaltools.gnu-tools-for-stm32.13.3.rel1.win32_1.0.0.202411081344/tools/bin/../lib/gcc/arm-none-eabi/13.3.1/thumb/v7e-m+fp/hard/crtbegin.o
                0x20000160                        . = ALIGN (0x4)

.bss            0x20000160     0x1b2c load address 0x0800eae4
                0x20000160                        _sbss = .
                0x20000160                        __bss_start__ = _sbss
 *(.bss)
 .bss           0x20000160       0x1c C:/ST/STM32CubeIDE_1.19.0/STM32CubeIDE/plugins/com.st.stm32cube.ide.mcu.externaltools.gnu-tools-for-stm32.13.3.rel1.win32_1.0.0.202411081344/tools/bin/../lib/gcc/arm-none-eabi/13.3.1/thumb/v7e-m+fp/hard/crtbegin.o
 *(.bss*)
 .bss.hspi1     0x2000017c       0x58 ./Core/Src/main.o
                0x2000017c                hspi1
 .bss.htim2     0x200001d4       0x48 ./Core/Src/main.o
                0x200001d4                htim2
 .bss.s_floppy_drive
                0x2000021c        0xc ./Core/Src/main.o
 .bss.s_floppy_emu
                0x20000228      0x268 ./Core/Src/main.o
 .bss.s_toshiba_fdd_iface
                0x20000490       0x10 ./Core/Src/main.o
 .bss.s_toshiba_polarity
                0x200004a0       0x1c ./Core/Src/main.o
 .bss.s_prev_step_active
                0x200004bc        0x1 ./Core/Src/main.o
 *fill*         0x200004bd        0x3 
 .bss.__sbrk_heap_end
                0x200004c0        0x4 ./Core/Src/sysmem.o
 .bss.uwTick    0x200004c4        0x4 ./Drivers/STM32F4xx_HAL_Driver/Src/stm32f4xx_hal.o
                0x200004c4                uwTick
 .bss.retUSER   0x200004c8        0x1 ./FATFS/App/fatfs.o
                0x200004c8                retUSER
 *fill*         0x200004c9        0x3 
 .bss.USERPath  0x200004cc        0x4 ./FATFS/App/fatfs.o
                0x200004cc                USERPath
 .bss.cfgidx.0  0x200004d0        0x1 ./Middlewares/ST/STM32_USB_Device_Library/Core/Src/usbd_ctlreq.o
 *fill*         0x200004d1        0x3 
 .bss.FatFs     0x200004d4        0x4 ./Middlewares/Third_Party/FatFs/src/ff.o
 .bss.Fsid      0x200004d8        0x2 ./Middlewares/Third_Party/FatFs/src/ff.o
 *fill*         0x200004da        0x2 
 .bss.Files     0x200004dc       0x40 ./Middlewares/Third_Party/FatFs/src/ff.o
 .bss.LfnBuf    0x2000051c      0x200 ./Middlewares/Third_Party/FatFs/src/ff.o
 .bss.disk      0x2000071c        0xc ./Middlewares/Third_Party/FatFs/src/ff_gen_drv.o
                0x2000071c                disk
 .bss.hUsbDeviceFS
                0x20000728      0x2dc ./USB_DEVICE/App/usb_device.o
                0x20000728                hUsbDeviceFS
 .bss.UserRxBufferFS
                0x20000a04      0x200 ./USB_DEVICE/App/usbd_cdc_if.o
                0x20000a04                UserRxBufferFS
 .bss.UserTxBufferFS
                0x20000c04      0x200 ./USB_DEVICE/App/usbd_cdc_if.o
                0x20000c04                UserTxBufferFS
 .bss.USBD_StrDesc
                0x20000e04      0x200 ./USB_DEVICE/App/usbd_desc.o
                0x20000e04                USBD_StrDesc
 .bss.hpcd_USB_OTG_FS
                0x20001004      0x4e4 ./USB_DEVICE/Target/usbd_conf.o
                0x20001004                hpcd_USB_OTG_FS
 .bss.mem.0     0x200014e8      0x220 ./USB_DEVICE/Target/usbd_conf.o
 .bss.s_fatfs   0x20001708      0x234 ./libraries/sd_card/sd_card.o
 .bss.s_is_mounted
                0x2000193c        0x1 ./libraries/sd_card/sd_card.o
 .bss.s_ready   0x2000193d        0x1 ./libraries/sd_card/sd_spi.o
 .bss.s_spi_fault
                0x2000193e        0x1 ./libraries/sd_card/sd_spi.o
 .bss.s_card_type
                0x2000193f        0x1 ./libraries/sd_card/sd_spi.o
 .bss.s_sector_count
                0x20001940        0x4 ./libraries/sd_card/sd_spi.o
 .bss.s_ff_block
                0x20001944      0x200 ./libraries/sd_card/sd_spi.o
 .bss.__sf      0x20001b44      0x138 C:/ST/STM32CubeIDE_1.19.0/STM32CubeIDE/plugins/com.st.stm32cube.ide.mcu.externaltools.gnu-tools-for-stm32.13.3.rel1.win32_1.0.0.202411081344/tools/bin/../lib/gcc/arm-none-eabi/13.3.1/../../../../arm-none-eabi/lib/thumb/v7e-m+fp/hard\libc_nano.a(libc_a-findfp.o)
                0x20001b44                __sf
 .bss.errno     0x20001c7c        0x4 C:/ST/STM32CubeIDE_1.19.0/STM32CubeIDE/plugins/com.st.stm32cube.ide.mcu.externaltools.gnu-tools-for-stm32.13.3.rel1.win32_1.0.0.202411081344/tools/bin/../lib/gcc/arm-none-eabi/13.3.1/../../../../arm-none-eabi/lib/thumb/v7e-m+fp/hard\libc_nano.a(libc_a-reent.o)
                0x20001c7c                errno
 .bss.__lock___malloc_recursive_mutex
                0x20001c80        0x1 C:/ST/STM32CubeIDE_1.19.0/STM32CubeIDE/plugins/com.st.stm32cube.ide.mcu.externaltools.gnu-tools-for-stm32.13.3.rel1.win32_1.0.0.202411081344/tools/bin/../lib/gcc/arm-none-eabi/13.3.1/../../../../arm-none-eabi/lib/thumb/v7e-m+fp/hard\libc_nano.a(libc_a-lock.o)
                0x20001c80                __lock___malloc_recursive_mutex
 *fill*         0x20001c81        0x3 
 .bss.__malloc_sbrk_start
                0x20001c84        0x4 C:/ST/STM32CubeIDE_1.19.0/STM32CubeIDE/plugins/com.st.stm32cube.ide.mcu.externaltools.gnu-tools-for-stm32.13.3.rel1.win32_1.0.0.202411081344/tools/bin/../lib/gcc/arm-none-eabi/13.3.1/../../../../arm-none-eabi/lib/thumb/v7e-m+fp/hard\libc_nano.a(libc_a-mallocr.o)
                0x20001c84                __malloc_sbrk_start
 .bss.__malloc_free_list
                0x20001c88        0x4 C:/ST/STM32CubeIDE_1.19.0/STM32CubeIDE/plugins/com.st.stm32cube.ide.mcu.externaltools.gnu-tools-for-stm32.13.3.rel1.win32_1.0.0.202411081344/tools/bin/../lib/gcc/arm-none-eabi/13.3.1/../../../../arm-none-eabi/lib/thumb/v7e-m+fp/hard\libc_nano.a(libc_a-mallocr.o)
                0x20001c88                __malloc_free_list
 *(COMMON)
                0x20001c8c                        . = ALIGN (0x4)
                0x20001c8c                        _ebss = .
                0x20001c8c                        __bss_end__ = _ebss

._user_heap_stack
                0x20001c8c      0x604 load address 0x0800eae4
                0x20001c90                        . = ALIGN (0x8)
 *fill*         0x20001c8c        0x4 
                [!provide]                        PROVIDE (end = .)
                0x20001c90                        PROVIDE (_end = .)
                0x20001e90                        . = (. + _Min_Heap_Size)
 *fill*         0x20001c90      0x200 
                0x20002290                        . = (. + _Min_Stack_Size)
 *fill*         0x20001e90      0x400 
                0x20002290                        . = ALIGN (0x8)

/DISCARD/
 libc.a(*)
 libm.a(*)
 libgcc.a(*)

.ARM.attributes
                0x00000000       0x30
 *(.ARM.attributes)
 .ARM.attributes
                0x00000000       0x22 C:/ST/STM32CubeIDE_1.19.0/STM32CubeIDE/plugins/com.st.stm32cube.ide.mcu.externaltools.gnu-tools-for-stm32.13.3.rel1.win32_1.0.0.202411081344/tools/bin/../lib/gcc/arm-none-eabi/13.3.1/thumb/v7e-m+fp/hard/crti.o
 .ARM.attributes
                0x00000022       0x34 C:/ST/STM32CubeIDE_1.19.0/STM32CubeIDE/plugins/com.st.stm32cube.ide.mcu.externaltools.gnu-tools-for-stm32.13.3.rel1.win32_1.0.0.202411081344/tools/bin/../lib/gcc/arm-none-eabi/13.3.1/thumb/v7e-m+fp/hard/crtbegin.o
 .ARM.attributes
                0x00000056       0x34 ./Core/Src/main.o
 .ARM.attributes
                0x0000008a       0x34 ./Core/Src/stm32f4xx_hal_msp.o
 .ARM.attributes
                0x000000be       0x34 ./Core/Src/stm32f4xx_it.o
 .ARM.attributes
                0x000000f2       0x34 ./Core/Src/sysmem.o
 .ARM.attributes
                0x00000126       0x34 ./Core/Src/system_stm32f4xx.o
 .ARM.attributes
                0x0000015a       0x21 ./Core/Startup/startup_stm32f411rctx.o
 .ARM.attributes
                0x0000017b       0x34 ./Drivers/STM32F4xx_HAL_Driver/Src/stm32f4xx_hal.o
 .ARM.attributes
                0x000001af       0x34 ./Drivers/STM32F4xx_HAL_Driver/Src/stm32f4xx_hal_cortex.o
 .ARM.attributes
                0x000001e3       0x34 ./Drivers/STM32F4xx_HAL_Driver/Src/stm32f4xx_hal_gpio.o
 .ARM.attributes
                0x00000217       0x34 ./Drivers/STM32F4xx_HAL_Driver/Src/stm32f4xx_hal_pcd.o
 .ARM.attributes
                0x0000024b       0x34 ./Drivers/STM32F4xx_HAL_Driver/Src/stm32f4xx_hal_pcd_ex.o
 .ARM.attributes
                0x0000027f       0x34 ./Drivers/STM32F4xx_HAL_Driver/Src/stm32f4xx_hal_rcc.o
 .ARM.attributes
                0x000002b3       0x34 ./Drivers/STM32F4xx_HAL_Driver/Src/stm32f4xx_hal_spi.o
 .ARM.attributes
                0x000002e7       0x34 ./Drivers/STM32F4xx_HAL_Driver/Src/stm32f4xx_hal_tim.o
 .ARM.attributes
                0x0000031b       0x34 ./Drivers/STM32F4xx_HAL_Driver/Src/stm32f4xx_hal_tim_ex.o
 .ARM.attributes
                0x0000034f       0x34 ./Drivers/STM32F4xx_HAL_Driver/Src/stm32f4xx_ll_usb.o
 .ARM.attributes
                0x00000383       0x34 ./FATFS/App/fatfs.o
 .ARM.attributes
                0x000003b7       0x34 ./FATFS/Target/user_diskio.o
 .ARM.attributes
                0x000003eb       0x34 ./Middlewares/ST/STM32_USB_Device_Library/Class/CDC/Src/usbd_cdc.o
 .ARM.attributes
                0x0000041f       0x34 ./Middlewares/ST/STM32_USB_Device_Library/Core/Src/usbd_core.o
 .ARM.attributes
                0x00000453       0x34 ./Middlewares/ST/STM32_USB_Device_Library/Core/Src/usbd_ctlreq.o
 .ARM.attributes
                0x00000487       0x34 ./Middlewares/ST/STM32_USB_Device_Library/Core/Src/usbd_ioreq.o
 .ARM.attributes
                0x000004bb       0x34 ./Middlewares/Third_Party/FatFs/src/diskio.o
 .ARM.attributes