../libraries/floppy_emu/floppy_emu.c:33:28:floppy_emu_map_fixed_image_status	16	static
../libraries/floppy_emu/floppy_emu.c:59:13:floppy_emu_detect_geometry	16	static
../libraries/floppy_emu/floppy_emu.c:89:13:floppy_emu_get_track_format	16	static
../libraries/floppy_emu/floppy_emu.c:118:17:floppy_emu_get_track_word_count	16	static
../libraries/floppy_emu/floppy_emu.c:129:28:floppy_emu_track_emit_word	16	static
../libraries/floppy_emu/floppy_emu.c:148:28:floppy_emu_track_emit_byte	16	static
../libraries/floppy_emu/floppy_emu.c:154:28:floppy_emu_track_emit_fill	32	static
../libraries/floppy_emu/floppy_emu.c:170:28:floppy_emu_track_emit_sync	24	static
../libraries/floppy_emu/floppy_emu.c:185:28:floppy_emu_track_emit_crc	24	static
../libraries/floppy_emu/floppy_emu.c:199:28:floppy_emu_track_emit_idam	40	static
../libraries/floppy_emu/floppy_emu.c:246:28:floppy_emu_track_emit_dam	40	static
../libraries/floppy_emu/floppy_emu.c:302:28:floppy_emu_chs_to_lba	24	static
../libraries/floppy_emu/floppy_emu.c:337:21:floppy_emu_mount_fixed_image	24	static
../libraries/floppy_emu/floppy_emu.c:375:6:floppy_emu_unmount	16	static
../libraries/floppy_emu/floppy_emu.c:390:6:floppy_emu_is_ready	16	static
../libraries/floppy_emu/floppy_emu.c:395:13:floppy_emu_get_path	16	static
../libraries/floppy_emu/floppy_emu.c:405:30:floppy_emu_get_geometry	16	static
../libraries/floppy_emu/floppy_emu.c:415:10:floppy_emu_get_sector_count	16	static
../libraries/floppy_emu/floppy_emu.c:425:21:floppy_emu_read_lba_sector	48	static
../libraries/floppy_emu/floppy_emu.c:475:21:floppy_emu_read_chs_sector	32	static
../libraries/floppy_emu/floppy_emu.c:494:21:floppy_emu_build_mfm_track	584	static
../libraries/floppy_emu/floppy_emu.c:626:13:floppy_emu_status_str	16	static
